 win32_pixelscratcher

 Timestamp is 5aef049c (Sun May 06 09:35:24 2018)

 Preferred load address is 0000000140000000

 Start         Length     Name                   Class
 0001:00000000 0000c33cH .text$mn                CODE
 0001:0000c340 000001f4H .text$x                 CODE
 0002:00000000 000002b8H .idata$5                DATA
 0002:000002b8 00000008H .CRT$XCA                DATA
 0002:000002c0 00000008H .CRT$XCZ                DATA
 0002:000002c8 00000008H .CRT$XIA                DATA
 0002:000002d0 00000020H .CRT$XIC                DATA
 0002:000002f0 00000008H .CRT$XIY                DATA
 0002:000002f8 00000008H .CRT$XIZ                DATA
 0002:00000300 00000008H .CRT$XPA                DATA
 0002:00000308 00000010H .CRT$XPX                DATA
 0002:00000318 00000008H .CRT$XPXA               DATA
 0002:00000320 00000008H .CRT$XPZ                DATA
 0002:00000328 00000008H .CRT$XTA                DATA
 0002:00000330 00000008H .CRT$XTZ                DATA
 0002:00000340 00005390H .rdata                  DATA
 0002:000056d0 00000064H .rdata$debug            DATA
 0002:00005738 00000008H .rtc$IAA                DATA
 0002:00005740 00000008H .rtc$IZZ                DATA
 0002:00005748 00000008H .rtc$TAA                DATA
 0002:00005750 00000008H .rtc$TZZ                DATA
 0002:00005758 0000094cH .xdata                  DATA
 0002:000060a4 00000000H .edata                  DATA
 0002:000060a4 0000003cH .idata$2                DATA
 0002:000060e0 00000014H .idata$3                DATA
 0002:000060f8 000002b8H .idata$4                DATA
 0002:000063b0 00000622H .idata$6                DATA
 0003:00000000 000017d8H .data                   DATA
 0003:000017e0 000023d8H .bss                    DATA
 0004:00000000 00000984H .pdata                  DATA

  Address         Publics by Value              Rva+Base               Lib:Object

 0000:00000000       __guard_fids_count         0000000000000000     <absolute>
 0000:00000000       ___safe_se_handler_count   0000000000000000     <absolute>
 0000:00000000       __guard_flags              0000000000000000     <absolute>
 0000:00000000       __guard_fids_table         0000000000000000     <absolute>
 0000:00000000       ___safe_se_handler_table   0000000000000000     <absolute>
 0000:00000000       __ImageBase                0000000140000000     <linker-defined>
 0001:00000000       ??$_snprintf_s@$0BAA@@@YAHAEAY0BAA@D_KPEBDZZ 0000000140001000 f i win32_pixelscratcher.obj
 0001:00000080       WinMain                    0000000140001080 f   win32_pixelscratcher.obj
 0001:000008fc       _vsnprintf_helper          00000001400018fc f   LIBCMT:vsnprnc.obj
 0001:000009e4       _vsnprintf_s               00000001400019e4 f   LIBCMT:vsnprnc.obj
 0001:00000a04       _vsnprintf_s_l             0000000140001a04 f   LIBCMT:vsnprnc.obj
 0001:00000b4c       __GSHandlerCheck           0000000140001b4c f   LIBCMT:gshandler.obj
 0001:00000b6c       __GSHandlerCheckCommon     0000000140001b6c f   LIBCMT:gshandler.obj
 0001:00000be0       __security_check_cookie    0000000140001be0 f   LIBCMT:amdsecgs.obj
 0001:00000c10       memset                     0000000140001c10 f   LIBCMT:memset.obj
 0001:00000e3c       _fpmath                    0000000140001e3c f   LIBCMT:fpinit.obj
 0001:00000e44       _cfltcvt_init              0000000140001e44 f   LIBCMT:fpinit.obj
 0001:00000ecc       WinMainCRTStartup          0000000140001ecc f   LIBCMT:wincrt0.obj
 0001:00001098       _call_reportfault          0000000140002098 f   LIBCMT:invarg.obj
 0001:0000118c       _initp_misc_invarg         000000014000218c f   LIBCMT:invarg.obj
 0001:00001194       _invalid_parameter         0000000140002194 f   LIBCMT:invarg.obj
 0001:000011fc       _invalid_parameter_noinfo  00000001400021fc f   LIBCMT:invarg.obj
 0001:0000121c       _invoke_watson             000000014000221c f   LIBCMT:invarg.obj
 0001:00001258       _flsbuf                    0000000140002258 f   LIBCMT:_flsbuf.obj
 0001:000013e4       ??0_LocaleUpdate@@QEAA@PEAUlocaleinfo_struct@@@Z 00000001400023e4 f i LIBCMT:output.obj
 0001:0000148c       _output_s_l                000000014000248c f   LIBCMT:outputs.obj
 0001:00001fe4       __doserrno                 0000000140002fe4 f   LIBCMT:dosmap.obj
 0001:00002004       _dosmaperr                 0000000140003004 f   LIBCMT:dosmap.obj
 0001:00002054       _errno                     0000000140003054 f   LIBCMT:dosmap.obj
 0001:00002074       _get_errno_from_oserr      0000000140003074 f   LIBCMT:dosmap.obj
 0001:000020c4       __raise_securityfailure    00000001400030c4 f   LIBCMT:gs_report.obj
 0001:00002110       __report_gsfailure         0000000140003110 f   LIBCMT:gs_report.obj
 0001:000021e4       __isa_available_init       00000001400031e4 f   LIBCMT:cpu_disp.obj
 0001:00002388       _cfltcvt                   0000000140003388 f   LIBCMT:cvt.obj
 0001:000023ac       _cfltcvt_l                 00000001400033ac f   LIBCMT:cvt.obj
 0001:0000242c       _cftoa_l                   000000014000342c f   LIBCMT:cvt.obj
 0001:000029d8       _cftoe_l                   00000001400039d8 f   LIBCMT:cvt.obj
 0001:00002c34       _cftof_l                   0000000140003c34 f   LIBCMT:cvt.obj
 0001:00002d08       _cftog_l                   0000000140003d08 f   LIBCMT:cvt.obj
 0001:00002e3c       _cropzeros                 0000000140003e3c f   LIBCMT:cvt.obj
 0001:00002e44       _cropzeros_l               0000000140003e44 f   LIBCMT:cvt.obj
 0001:00002edc       _fassign                   0000000140003edc f   LIBCMT:cvt.obj
 0001:00002ee4       _fassign_l                 0000000140003ee4 f   LIBCMT:cvt.obj
 0001:00002f24       _forcdecpt                 0000000140003f24 f   LIBCMT:cvt.obj
 0001:00002f2c       _forcdecpt_l               0000000140003f2c f   LIBCMT:cvt.obj
 0001:00002fac       _positive                  0000000140003fac f   LIBCMT:cvt.obj
 0001:00002fc0       _initp_misc_cfltcvt_tab    0000000140003fc0 f   LIBCMT:cmiscdat.obj
 0001:00002ffc       ?__CxxUnhandledExceptionFilter@@YAJPEAU_EXCEPTION_POINTERS@@@Z 0000000140003ffc f   LIBCMT:unhandld.obj
 0001:00003034       __CxxSetUnhandledExceptionFilter 0000000140004034 f   LIBCMT:unhandld.obj
 0001:0000304c       _XcptFilter                000000014000404c f   LIBCMT:winxfltr.obj
 0001:00003218       _freefls                   0000000140004218 f   LIBCMT:tidtable.obj
 0001:0000334c       _getptd                    000000014000434c f   LIBCMT:tidtable.obj
 0001:00003370       _getptd_noexit             0000000140004370 f   LIBCMT:tidtable.obj
 0001:000033f4       _initptd                   00000001400043f4 f   LIBCMT:tidtable.obj
 0001:000034b8       _mtinit                    00000001400044b8 f   LIBCMT:tidtable.obj
 0001:00003538       _mtterm                    0000000140004538 f   LIBCMT:tidtable.obj
 0001:0000355c       __crtCorExitProcess        000000014000455c f   LIBCMT:crt0dat.obj
 0001:000035a0       __crtExitProcess           00000001400045a0 f   LIBCMT:crt0dat.obj
 0001:000035b8       _amsg_exit                 00000001400045b8 f   LIBCMT:crt0dat.obj
 0001:000035e0       _c_exit                    00000001400045e0 f   LIBCMT:crt0dat.obj
 0001:000035f0       _cexit                     00000001400045f0 f   LIBCMT:crt0dat.obj
 0001:00003600       _cinit                     0000000140004600 f   LIBCMT:crt0dat.obj
 0001:00003698       _exit                      0000000140004698 f   LIBCMT:crt0dat.obj
 0001:000036a4       _init_pointers             00000001400046a4 f   LIBCMT:crt0dat.obj
 0001:00003750       _initterm_e                0000000140004750 f   LIBCMT:crt0dat.obj
 0001:0000378c       _lockexit                  000000014000478c f   LIBCMT:crt0dat.obj
 0001:00003798       _unlockexit                0000000140004798 f   LIBCMT:crt0dat.obj
 0001:0000393c       exit                       000000014000493c f   LIBCMT:crt0dat.obj
 0001:00003948       _heap_init                 0000000140004948 f   LIBCMT:heapinit.obj
 0001:00003968       _ioinit                    0000000140004968 f   LIBCMT:ioinit.obj
 0001:00003c98       _setargv                   0000000140004c98 f   LIBCMT:stdargv.obj
 0001:00003f54       _setenvp                   0000000140004f54 f   LIBCMT:stdenvp.obj
 0001:00004088       _FF_MSGBANNER              0000000140005088 f   LIBCMT:crt0msg.obj
 0001:000040cc       _GET_RTERRMSG              00000001400050cc f   LIBCMT:crt0msg.obj
 0001:000040fc       _NMSG_WRITE                00000001400050fc f   LIBCMT:crt0msg.obj
 0001:0000436c       __set_app_type             000000014000536c f   LIBCMT:errmode.obj
 0001:00004374       _set_error_mode            0000000140005374 f   LIBCMT:errmode.obj
 0001:000043b4       __security_init_cookie     00000001400053b4 f   LIBCMT:gs_support.obj
 0001:00004460       _RTC_Initialize            0000000140005460 f   LIBCMT:initsect.obj
 0001:00004498       _RTC_Terminate             0000000140005498 f   LIBCMT:initsect.obj
 0001:000044d0       __crtGetEnvironmentStringsA 00000001400054d0 f   LIBCMT:a_env.obj
 0001:000045c4       __crtCaptureCurrentContext 00000001400055c4 f   LIBCMT:winapisupp.obj
 0001:00004634       __crtCapturePreviousContext 0000000140005634 f   LIBCMT:winapisupp.obj
 0001:000046a8       __crtFlsAlloc              00000001400056a8 f   LIBCMT:winapisupp.obj
 0001:000046c4       __crtFlsFree               00000001400056c4 f   LIBCMT:winapisupp.obj
 0001:000046e0       __crtFlsGetValue           00000001400056e0 f   LIBCMT:winapisupp.obj
 0001:000046fc       __crtFlsSetValue           00000001400056fc f   LIBCMT:winapisupp.obj
 0001:00004718       __crtGetShowWindowMode     0000000140005718 f   LIBCMT:winapisupp.obj
 0001:00004744       __crtInitializeCriticalSectionEx 0000000140005744 f   LIBCMT:winapisupp.obj
 0001:00004770       __crtIsPackagedApp         0000000140005770 f   LIBCMT:winapisupp.obj
 0001:000047bc       __crtLoadWinApiPointers    00000001400057bc f   LIBCMT:winapisupp.obj
 0001:00004bb8       __crtSetUnhandledExceptionFilter 0000000140005bb8 f   LIBCMT:winapisupp.obj
 0001:00004bc0       __crtSleep                 0000000140005bc0 f   LIBCMT:winapisupp.obj
 0001:00004bc8       __crtTerminateProcess      0000000140005bc8 f   LIBCMT:winapisupp.obj
 0001:00004be8       __crtUnhandledException    0000000140005be8 f   LIBCMT:winapisupp.obj
 0001:00004c08       _wincmdln                  0000000140005c08 f   LIBCMT:wincmdln.obj
 0001:00004c84       __C_specific_handler       0000000140005c84 f   LIBCMT:chandler.obj
 0001:00004e68       __crt_debugger_hook        0000000140005e68 f   LIBCMT:dbghook.obj
 0001:00004e70       __initstdio                0000000140005e70 f   LIBCMT:_file.obj
 0001:00004f08       __endstdio                 0000000140005f08 f   LIBCMT:_file.obj
 0001:00004f38       __iob_func                 0000000140005f38 f   LIBCMT:_file.obj
 0001:00004f40       _lock_file                 0000000140005f40 f   LIBCMT:_file.obj
 0001:00004fa8       _lock_file2                0000000140005fa8 f   LIBCMT:_file.obj
 0001:00004fdc       _unlock_file               0000000140005fdc f   LIBCMT:_file.obj
 0001:0000502c       _unlock_file2              000000014000602c f   LIBCMT:_file.obj
 0001:0000504c       _fileno                    000000014000604c f   LIBCMT:fileno.obj
 0001:00005074       _isatty                    0000000140006074 f   LIBCMT:isatty.obj
 0001:000050d4       _write                     00000001400060d4 f   LIBCMT:write.obj
 0001:000051b8       _write_nolock              00000001400061b8 f   LIBCMT:write.obj
 0001:000059ac       _lseeki64                  00000001400069ac f   LIBCMT:lseeki64.obj
 0001:00005a94       _lseeki64_nolock           0000000140006a94 f   LIBCMT:lseeki64.obj
 0001:00005b28       _getbuf                    0000000140006b28 f   LIBCMT:_getbuf.obj
 0001:00005b7c       __addlocaleref             0000000140006b7c f   LIBCMT:localref.obj
 0001:00005c08       __freetlocinfo             0000000140006c08 f   LIBCMT:localref.obj
 0001:00005da0       __removelocaleref          0000000140006da0 f   LIBCMT:localref.obj
 0001:00005e44       __updatetlocinfo           0000000140006e44 f   LIBCMT:localref.obj
 0001:00005ebc       _updatetlocinfoEx_nolock   0000000140006ebc f   LIBCMT:localref.obj
 0001:00005f20       __initmbctable             0000000140006f20 f   LIBCMT:mbctype.obj
 0001:0000623c       __updatetmbcinfo           000000014000723c f   LIBCMT:mbctype.obj
 0001:000062f8       _setmbcp                   00000001400072f8 f   LIBCMT:mbctype.obj
 0001:0000653c       _setmbcp_nolock            000000014000753c f   LIBCMT:mbctype.obj
 0001:000067ec       _isleadbyte_l              00000001400077ec f i LIBCMT:_wctype.obj
 0001:00006830       isleadbyte                 0000000140007830 f i LIBCMT:_wctype.obj
 0001:00006890       strlen                     0000000140007890 f   LIBCMT:strlen.obj
 0001:00006938       _get_printf_count_output   0000000140007938 f   LIBCMT:printf.obj
 0001:00006950       _wctomb_s_l                0000000140007950 f   LIBCMT:wctomb.obj
 0001:00006adc       wctomb_s                   0000000140007adc f   LIBCMT:wctomb.obj
 0001:00006af0       free                       0000000140007af0 f   LIBCMT:free.obj
 0001:00006b30       _calloc_crt                0000000140007b30 f   LIBCMT:crtheap.obj
 0001:00006bb0       _malloc_crt                0000000140007bb0 f   LIBCMT:crtheap.obj
 0001:00006c2c       _realloc_crt               0000000140007c2c f   LIBCMT:crtheap.obj
 0001:00006cc0       _get_fpsr                  0000000140007cc0 f   LIBCMT:fpsr.obj
 0001:00006cd0       _set_fpsr                  0000000140007cd0 f   LIBCMT:fpsr.obj
 0001:00006cda       _fclrf                     0000000140007cda f   LIBCMT:fpsr.obj
 0001:00006cee       _frnd                      0000000140007cee f   LIBCMT:fpsr.obj
 0001:00006d10       isdigit                    0000000140007d10 f i LIBCMT:_ctype.obj
 0001:00006d8c       _tolower_l                 0000000140007d8c f   LIBCMT:tolower.obj
 0001:00006ee0       tolower                    0000000140007ee0 f   LIBCMT:tolower.obj
 0001:00006f00       strcpy_s                   0000000140007f00 f   LIBCMT:strcpy_s.obj
 0001:00006f80       memcpy                     0000000140007f80 f   LIBCMT:memcpy.obj
 0001:00006f80       memmove                    0000000140007f80 f   LIBCMT:memcpy.obj
 0001:000074e8       strrchr                    00000001400084e8 f   LIBCMT:strrchr.obj
 0001:0000762c       _fptostr                   000000014000862c f   LIBCMT:_fptostr.obj
 0001:000076f8       __crt_atoflt_l             00000001400086f8 f   LIBCMT:atodbl.obj
 0001:000077c8       _atodbl_l                  00000001400087c8 f   LIBCMT:atodbl.obj
 0001:00007890       _atoflt_l                  0000000140008890 f   LIBCMT:atodbl.obj
 0001:00007898       __dtold                    0000000140008898 f   LIBCMT:cfout.obj
 0001:00007968       _fltout2                   0000000140008968 f   LIBCMT:cfout.obj
 0001:00007a20       _fptrap                    0000000140008a20 f   LIBCMT:crt0fp.obj
 0001:00007a2c       ?terminate@@YAXXZ          0000000140008a2c f   LIBCMT:hooks.obj
 0001:00007a4c       _initp_eh_hooks            0000000140008a4c f   LIBCMT:hooks.obj
 0001:00007a6c       _lock                      0000000140008a6c f   LIBCMT:mlock.obj
 0001:00007ab0       _mtdeletelocks             0000000140008ab0 f   LIBCMT:mlock.obj
 0001:00007b38       _mtinitlocknum             0000000140008b38 f   LIBCMT:mlock.obj
 0001:00007bf8       _mtinitlocks               0000000140008bf8 f   LIBCMT:mlock.obj
 0001:00007c5c       _unlock                    0000000140008c5c f   LIBCMT:mlock.obj
 0001:00007c80       _FindPESection             0000000140008c80 f   LIBCMT:pesect.obj
 0001:00007cd0       _IsNonwritableInCurrentImage 0000000140008cd0 f   LIBCMT:pesect.obj
 0001:00007d20       _ValidateImageBase         0000000140008d20 f   LIBCMT:pesect.obj
 0001:00007d50       __onexitinit               0000000140008d50 f   LIBCMT:onexit.obj
 0001:00007d94       _onexit                    0000000140008d94 f   LIBCMT:onexit.obj
 0001:00007ea0       atexit                     0000000140008ea0 f   LIBCMT:onexit.obj
 0001:00007eb8       _callnewh                  0000000140008eb8 f   LIBCMT:handler.obj
 0001:00007eec       _initp_heap_handler        0000000140008eec f   LIBCMT:handler.obj
 0001:00007ef4       _initp_misc_purevirt       0000000140008ef4 f   LIBCMT:inithelp.obj
 0001:00007efc       __get_sigabrt              0000000140008efc f   LIBCMT:winsig.obj
 0001:00007f0c       _initp_misc_winsig         0000000140008f0c f   LIBCMT:winsig.obj
 0001:00007f2c       raise                      0000000140008f2c f   LIBCMT:winsig.obj
 0001:00008160       _initp_misc_rand_s         0000000140009160 f   LIBCMT:rand_s.obj
 0001:00008180       _local_unwind              0000000140009180 f   LIBCMT:jmpuwind.obj
 0001:000081b0       _NLG_Notify                00000001400091b0 f   LIBCMT:jmpuwind.obj
 0001:000081d0       __NLG_Dispatch2            00000001400091d0 f   LIBCMT:jmpuwind.obj
 0001:000081e0       __NLG_Return2              00000001400091e0 f   LIBCMT:jmpuwind.obj
 0001:00008260       _ismbblead                 0000000140009260 f   LIBCMT:ismbbyte.obj
 0001:00008274       wcscat_s                   0000000140009274 f   LIBCMT:wcscat_s.obj
 0001:000082fc       wcscpy_s                   00000001400092fc f   LIBCMT:wcscpy_s.obj
 0001:00008368       wcslen                     0000000140009368 f   LIBCMT:wcslen.obj
 0001:00008384       wcsncpy_s                  0000000140009384 f   LIBCMT:wcsncpy_s.obj
 0001:00008450       __crtMessageBoxW           0000000140009450 f   LIBCMT:crtmboxw.obj
 0001:000086c4       _fcloseall                 00000001400096c4 f   LIBCMT:closeall.obj
 0001:0000876c       _fflush_nolock             000000014000976c f   LIBCMT:fflush.obj
 0001:000087b8       _flush                     00000001400097b8 f   LIBCMT:fflush.obj
 0001:00008834       _flushall                  0000000140009834 f   LIBCMT:fflush.obj
 0001:00008928       __lock_fhandle             0000000140009928 f   LIBCMT:osfinfo.obj
 0001:000089c0       _free_osfhnd               00000001400099c0 f   LIBCMT:osfinfo.obj
 0001:00008a6c       _get_osfhandle             0000000140009a6c f   LIBCMT:osfinfo.obj
 0001:00008ae0       _unlock_fhandle            0000000140009ae0 f   LIBCMT:osfinfo.obj
 0001:00008b0c       _mbtowc_l                  0000000140009b0c f   LIBCMT:mbtowc.obj
 0001:00008c60       mbtowc                     0000000140009c60 f   LIBCMT:mbtowc.obj
 0001:00008c68       _putwch_nolock             0000000140009c68 f   LIBCMT:putwch.obj
 0001:00008ce0       _alloca_probe              0000000140009ce0 f   LIBCMT:chkstk.obj
 0001:00008ce0       __chkstk                   0000000140009ce0 f   LIBCMT:chkstk.obj
 0001:00008d30       __free_lconv_mon           0000000140009d30 f   LIBCMT:initmon.obj
 0001:00008e3c       __free_lconv_num           0000000140009e3c f   LIBCMT:initnum.obj
 0001:00008ea8       __free_lc_time             0000000140009ea8 f   LIBCMT:inittime.obj
 0001:00009590       __crtLCMapStringA          000000014000a590 f   LIBCMT:a_map.obj
 0001:000097a0       __crtGetStringTypeA        000000014000a7a0 f   LIBCMT:a_str.obj
 0001:0000981c       malloc                     000000014000a81c f   LIBCMT:malloc.obj
 0001:000098d4       realloc                    000000014000a8d4 f   LIBCMT:realloc.obj
 0001:000099a8       _calloc_impl               000000014000a9a8 f   LIBCMT:calloc_impl.obj
 0001:00009a44       _isctype_l                 000000014000aa44 f   LIBCMT:isctype.obj
 0001:00009b20       _locterm                   000000014000ab20 f   LIBCMT:wsetloca.obj
 0001:00009b68       _ld12tod                   000000014000ab68 f   LIBCMT:intrncvt.obj
 0001:0000a120       _ld12tof                   000000014000b120 f   LIBCMT:intrncvt.obj
 0001:0000a6d8       __strgtold12_l             000000014000b6d8 f   LIBCMT:strgtold.obj
 0001:0000af3c       $I10_OUTPUT                000000014000bf3c f   LIBCMT:x10fout.obj
 0001:0000ba14       abort                      000000014000ca14 f   LIBCMT:abort.obj
 0001:0000ba6c       _msize                     000000014000ca6c f   LIBCMT:msize.obj
 0001:0000baa8       GetTableIndexFromLocaleName 000000014000caa8 f   LIBCMT:winapinls.obj
 0001:0000bb34       __crtDownlevelLocaleNameToLCID 000000014000cb34 f   LIBCMT:winapinls.obj
 0001:0000bb68       __crtLCMapStringEx         000000014000cb68 f   LIBCMT:winapinls.obj
 0001:0000bbf8       __wcsnicmp_ascii           000000014000cbf8 f   LIBCMT:winapinls.obj
 0001:0000bc50       _fclose_nolock             000000014000cc50 f   LIBCMT:fclose.obj
 0001:0000bccc       fclose                     000000014000cccc f   LIBCMT:fclose.obj
 0001:0000bd34       _commit                    000000014000cd34 f   LIBCMT:commit.obj
 0001:0000be0c       __termconout               000000014000ce0c f   LIBCMT:initcon.obj
 0001:0000be2c       __initconout               000000014000ce2c f   LIBCMT:initcon.obj
 0001:0000be80       memcmp                     000000014000ce80 f   LIBCMT:memcmp.obj
 0001:0000bf48       __mtold12                  000000014000cf48 f   LIBCMT:mantold.obj
 0001:0000c16c       _close                     000000014000d16c f   LIBCMT:close.obj
 0001:0000c230       _close_nolock              000000014000d230 f   LIBCMT:close.obj
 0001:0000c2ec       _freebuf                   000000014000d2ec f   LIBCMT:_freebuf.obj
 0001:0000c330       IsProcessorFeaturePresent  000000014000d330 f   kernel32:KERNEL32.dll
 0001:0000c336       RtlUnwindEx                000000014000d336 f   kernel32:KERNEL32.dll
 0002:00000000       __imp_StretchDIBits        000000014000e000     gdi32:GDI32.dll
 0002:00000008       \177GDI32_NULL_THUNK_DATA  000000014000e008     gdi32:GDI32.dll
 0002:00000010       __imp_CreateFileW          000000014000e010     kernel32:KERNEL32.dll
 0002:00000018       __imp_FlushFileBuffers     000000014000e018     kernel32:KERNEL32.dll
 0002:00000020       __imp_CloseHandle          000000014000e020     kernel32:KERNEL32.dll
 0002:00000028       __imp_LCMapStringW         000000014000e028     kernel32:KERNEL32.dll
 0002:00000030       __imp_HeapSize             000000014000e030     kernel32:KERNEL32.dll
 0002:00000038       __imp_FreeEnvironmentStringsW 000000014000e038     kernel32:KERNEL32.dll
 0002:00000040       __imp_CompareFileTime      000000014000e040     kernel32:KERNEL32.dll
 0002:00000048       __imp_GetFileAttributesExA 000000014000e048     kernel32:KERNEL32.dll
 0002:00000050       __imp_OutputDebugStringA   000000014000e050     kernel32:KERNEL32.dll
 0002:00000058       __imp_QueryPerformanceCounter 000000014000e058     kernel32:KERNEL32.dll
 0002:00000060       __imp_QueryPerformanceFrequency 000000014000e060     kernel32:KERNEL32.dll
 0002:00000068       __imp_Sleep                000000014000e068     kernel32:KERNEL32.dll
 0002:00000070       __imp_VirtualAlloc         000000014000e070     kernel32:KERNEL32.dll
 0002:00000078       __imp_FreeLibrary          000000014000e078     kernel32:KERNEL32.dll
 0002:00000080       __imp_GetProcAddress       000000014000e080     kernel32:KERNEL32.dll
 0002:00000088       __imp_LoadLibraryA         000000014000e088     kernel32:KERNEL32.dll
 0002:00000090       __imp_CopyFileA            000000014000e090     kernel32:KERNEL32.dll
 0002:00000098       __imp_GetCommandLineA      000000014000e098     kernel32:KERNEL32.dll
 0002:000000a0       __imp_IsDebuggerPresent    000000014000e0a0     kernel32:KERNEL32.dll
 0002:000000a8       __imp_EncodePointer        000000014000e0a8     kernel32:KERNEL32.dll
 0002:000000b0       __imp_DecodePointer        000000014000e0b0     kernel32:KERNEL32.dll
 0002:000000b8       __imp_IsProcessorFeaturePresent 000000014000e0b8     kernel32:KERNEL32.dll
 0002:000000c0       __imp_GetLastError         000000014000e0c0     kernel32:KERNEL32.dll
 0002:000000c8       __imp_SetLastError         000000014000e0c8     kernel32:KERNEL32.dll
 0002:000000d0       __imp_GetCurrentThreadId   000000014000e0d0     kernel32:KERNEL32.dll
 0002:000000d8       __imp_ExitProcess          000000014000e0d8     kernel32:KERNEL32.dll
 0002:000000e0       __imp_GetModuleHandleExW   000000014000e0e0     kernel32:KERNEL32.dll
 0002:000000e8       __imp_MultiByteToWideChar  000000014000e0e8     kernel32:KERNEL32.dll
 0002:000000f0       __imp_WideCharToMultiByte  000000014000e0f0     kernel32:KERNEL32.dll
 0002:000000f8       __imp_GetProcessHeap       000000014000e0f8     kernel32:KERNEL32.dll
 0002:00000100       __imp_GetStdHandle         000000014000e100     kernel32:KERNEL32.dll
 0002:00000108       __imp_GetFileType          000000014000e108     kernel32:KERNEL32.dll
 0002:00000110       __imp_DeleteCriticalSection 000000014000e110     kernel32:KERNEL32.dll
 0002:00000118       __imp_GetStartupInfoW      000000014000e118     kernel32:KERNEL32.dll
 0002:00000120       __imp_GetModuleFileNameA   000000014000e120     kernel32:KERNEL32.dll
 0002:00000128       __imp_WriteFile            000000014000e128     kernel32:KERNEL32.dll
 0002:00000130       __imp_GetModuleFileNameW   000000014000e130     kernel32:KERNEL32.dll
 0002:00000138       __imp_GetCurrentProcessId  000000014000e138     kernel32:KERNEL32.dll
 0002:00000140       __imp_GetSystemTimeAsFileTime 000000014000e140     kernel32:KERNEL32.dll
 0002:00000148       __imp_GetEnvironmentStringsW 000000014000e148     kernel32:KERNEL32.dll
 0002:00000150       __imp_RtlCaptureContext    000000014000e150     kernel32:KERNEL32.dll
 0002:00000158       __imp_RtlLookupFunctionEntry 000000014000e158     kernel32:KERNEL32.dll
 0002:00000160       __imp_RtlVirtualUnwind     000000014000e160     kernel32:KERNEL32.dll
 0002:00000168       __imp_UnhandledExceptionFilter 000000014000e168     kernel32:KERNEL32.dll
 0002:00000170       __imp_SetUnhandledExceptionFilter 000000014000e170     kernel32:KERNEL32.dll
 0002:00000178       __imp_InitializeCriticalSectionAndSpinCount 000000014000e178     kernel32:KERNEL32.dll
 0002:00000180       __imp_GetCurrentProcess    000000014000e180     kernel32:KERNEL32.dll
 0002:00000188       __imp_TerminateProcess     000000014000e188     kernel32:KERNEL32.dll
 0002:00000190       __imp_TlsAlloc             000000014000e190     kernel32:KERNEL32.dll
 0002:00000198       __imp_TlsGetValue          000000014000e198     kernel32:KERNEL32.dll
 0002:000001a0       __imp_TlsSetValue          000000014000e1a0     kernel32:KERNEL32.dll
 0002:000001a8       __imp_TlsFree              000000014000e1a8     kernel32:KERNEL32.dll
 0002:000001b0       __imp_GetModuleHandleW     000000014000e1b0     kernel32:KERNEL32.dll
 0002:000001b8       __imp_RtlUnwindEx          000000014000e1b8     kernel32:KERNEL32.dll
 0002:000001c0       __imp_EnterCriticalSection 000000014000e1c0     kernel32:KERNEL32.dll
 0002:000001c8       __imp_LeaveCriticalSection 000000014000e1c8     kernel32:KERNEL32.dll
 0002:000001d0       __imp_GetConsoleCP         000000014000e1d0     kernel32:KERNEL32.dll
 0002:000001d8       __imp_GetConsoleMode       000000014000e1d8     kernel32:KERNEL32.dll
 0002:000001e0       __imp_SetFilePointerEx     000000014000e1e0     kernel32:KERNEL32.dll
 0002:000001e8       __imp_IsValidCodePage      000000014000e1e8     kernel32:KERNEL32.dll
 0002:000001f0       __imp_GetACP               000000014000e1f0     kernel32:KERNEL32.dll
 0002:000001f8       __imp_GetOEMCP             000000014000e1f8     kernel32:KERNEL32.dll
 0002:00000200       __imp_GetCPInfo            000000014000e200     kernel32:KERNEL32.dll
 0002:00000208       __imp_HeapFree             000000014000e208     kernel32:KERNEL32.dll
 0002:00000210       __imp_LoadLibraryExW       000000014000e210     kernel32:KERNEL32.dll
 0002:00000218       __imp_OutputDebugStringW   000000014000e218     kernel32:KERNEL32.dll
 0002:00000220       __imp_SetStdHandle         000000014000e220     kernel32:KERNEL32.dll
 0002:00000228       __imp_WriteConsoleW        000000014000e228     kernel32:KERNEL32.dll
 0002:00000230       __imp_GetStringTypeW       000000014000e230     kernel32:KERNEL32.dll
 0002:00000238       __imp_HeapAlloc            000000014000e238     kernel32:KERNEL32.dll
 0002:00000240       __imp_HeapReAlloc          000000014000e240     kernel32:KERNEL32.dll
 0002:00000248       \177KERNEL32_NULL_THUNK_DATA 000000014000e248     kernel32:KERNEL32.dll
 0002:00000250       __imp_LoadCursorA          000000014000e250     user32:USER32.dll
 0002:00000258       __imp_GetCursorPos         000000014000e258     user32:USER32.dll
 0002:00000260       __imp_SetCursor            000000014000e260     user32:USER32.dll
 0002:00000268       __imp_GetWindowRect        000000014000e268     user32:USER32.dll
 0002:00000270       __imp_GetClientRect        000000014000e270     user32:USER32.dll
 0002:00000278       __imp_GetDC                000000014000e278     user32:USER32.dll
 0002:00000280       __imp_CreateWindowExA      000000014000e280     user32:USER32.dll
 0002:00000288       __imp_RegisterClassA       000000014000e288     user32:USER32.dll
 0002:00000290       __imp_DefWindowProcA       000000014000e290     user32:USER32.dll
 0002:00000298       __imp_PeekMessageA         000000014000e298     user32:USER32.dll
 0002:000002a0       __imp_DispatchMessageA     000000014000e2a0     user32:USER32.dll
 0002:000002a8       __imp_TranslateMessage     000000014000e2a8     user32:USER32.dll
 0002:000002b0       \177USER32_NULL_THUNK_DATA 000000014000e2b0     user32:USER32.dll
 0002:000002b8       __xc_a                     000000014000e2b8     LIBCMT:crt0init.obj
 0002:000002c0       __xc_z                     000000014000e2c0     LIBCMT:crt0init.obj
 0002:000002c8       __xi_a                     000000014000e2c8     LIBCMT:crt0init.obj
 0002:000002f8       __xi_z                     000000014000e2f8     LIBCMT:crt0init.obj
 0002:00000300       __xp_a                     000000014000e300     LIBCMT:crt0init.obj
 0002:00000320       __xp_z                     000000014000e320     LIBCMT:crt0init.obj
 0002:00000328       __xt_a                     000000014000e328     LIBCMT:crt0init.obj
 0002:00000330       __xt_z                     000000014000e330     LIBCMT:crt0init.obj
 0002:00000378       ??_C@_0BE@KNFFBIBB@PixelscratcherClass?$AA@ 000000014000e378     win32_pixelscratcher.obj
 0002:00000390       ??_C@_08JDFEOLML@Haw?5Yeah?$AA@ 000000014000e390     win32_pixelscratcher.obj
 0002:000003a0       ??_C@_0DB@FHMPJBEH@W?3?2pixelscratcher?2build_win32?2pi@ 000000014000e3a0     win32_pixelscratcher.obj
 0002:000003d8       ??_C@_0DG@MFEHEOCB@W?3?2pixelscratcher?2build_win32?2pi@ 000000014000e3d8     win32_pixelscratcher.obj
 0002:00000410       ??_C@_0CH@GEKEMHDE@W?3?2pixelscratcher?2build_win32?2lo@ 000000014000e410     win32_pixelscratcher.obj
 0002:00000438       ??_C@_0BE@GDAMMNDF@GameUpdateAndRender?$AA@ 000000014000e438     win32_pixelscratcher.obj
 0002:00000450       ??_C@_0CK@FGJPGBJN@WAIT?5Microseconds?3?5?$CFld?5Milliseco@ 000000014000e450     win32_pixelscratcher.obj
 0002:0000047c       __real@3f800000            000000014000e47c     win32_pixelscratcher.obj
 0002:00000480       __real@447a0000            000000014000e480     win32_pixelscratcher.obj
 0002:00000484       __real@49742400            000000014000e484     win32_pixelscratcher.obj
 0002:00000488       ??_C@_06MEIMCGCF@_hypot?$AA@ 000000014000e488     LIBCMT:hypot.obj
 0002:00000490       _FPinit                    000000014000e490     LIBCMT:fpinit.obj
 0002:00000498       ??_C@_06OJHGLDPL@?$CInull?$CJ?$AA@ 000000014000e498     LIBCMT:output.obj
 0002:000004a0       ??_C@_1O@CEDCILHN@?$AA?$CI?$AAn?$AAu?$AAl?$AAl?$AA?$CJ?$AA?$AA@ 000000014000e4a0     LIBCMT:output.obj
 0002:000004b0       __lookuptable              000000014000e4b0     LIBCMT:output.obj
 0002:00000510       __lookuptable_s            000000014000e510     LIBCMT:outputs.obj
 0002:00000580       ??_C@_05KLBDPFGC@e?$CL000?$AA@ 000000014000e580     LIBCMT:cvt.obj
 0002:00000588       __real@0000000000000000    000000014000e588     LIBCMT:cvt.obj
 0002:00000590       _XcptActTab                000000014000e590     LIBCMT:winxfltr.obj
 0002:00000650       _XcptActTabCount           000000014000e650     LIBCMT:winxfltr.obj
 0002:00000654       _XcptActTabSize            000000014000e654     LIBCMT:winxfltr.obj
 0002:00000658       _First_FPE_Indx            000000014000e658     LIBCMT:winxfltr.obj
 0002:0000065c       _Num_FPE                   000000014000e65c     LIBCMT:winxfltr.obj
 0002:00000660       ??_C@_1BI@BGOHAHKC@?$AAm?$AAs?$AAc?$AAo?$AAr?$AAe?$AAe?$AA?4?$AAd?$AAl?$AAl?$AA?$AA@ 000000014000e660     LIBCMT:crt0dat.obj
 0002:00000678       ??_C@_0P@MIGLKIOC@CorExitProcess?$AA@ 000000014000e678     LIBCMT:crt0dat.obj
 0002:00000800       ??_C@_1FK@PGACCAFB@?$AAR?$AA6?$AA0?$AA0?$AA2?$AA?$AN?$AA?6?$AA?9?$AA?5?$AAf?$AAl?$AAo?$AAa?$AAt?$AAi?$AAn?$AAg?$AA?5?$AAp?$AAo?$AAi?$AAn?$AAt?$AA?5?$AAs?$AAu?$AAp?$AAp?$AAo?$AAr?$AAt?$AA?5@ 000000014000e800     LIBCMT:crt0msg.obj
 0002:00000860       ??_C@_1FE@LLNEDJMD@?$AAR?$AA6?$AA0?$AA0?$AA8?$AA?$AN?$AA?6?$AA?9?$AA?5?$AAn?$AAo?$AAt?$AA?5?$AAe?$AAn?$AAo?$AAu?$AAg?$AAh?$AA?5?$AAs?$AAp?$AAa?$AAc?$AAe?$AA?5?$AAf?$AAo?$AAr?$AA?5?$AAa?$AAr@ 000000014000e860     LIBCMT:crt0msg.obj
 0002:000008c0       ??_C@_1FI@HONFMGBI@?$AAR?$AA6?$AA0?$AA0?$AA9?$AA?$AN?$AA?6?$AA?9?$AA?5?$AAn?$AAo?$AAt?$AA?5?$AAe?$AAn?$AAo?$AAu?$AAg?$AAh?$AA?5?$AAs?$AAp?$AAa?$AAc?$AAe?$AA?5?$AAf?$AAo?$AAr?$AA?5?$AAe?$AAn@ 000000014000e8c0     LIBCMT:crt0msg.obj
 0002:00000920       ??_C@_1EG@BEHAGFJD@?$AAR?$AA6?$AA0?$AA1?$AA0?$AA?$AN?$AA?6?$AA?9?$AA?5?$AAa?$AAb?$AAo?$AAr?$AAt?$AA?$CI?$AA?$CJ?$AA?5?$AAh?$AAa?$AAs?$AA?5?$AAb?$AAe?$AAe?$AAn?$AA?5?$AAc?$AAa?$AAl?$AAl?$AAe?$AAd@ 000000014000e920     LIBCMT:crt0msg.obj
 0002:00000970       ??_C@_1FI@LOGNIKDM@?$AAR?$AA6?$AA0?$AA1?$AA6?$AA?$AN?$AA?6?$AA?9?$AA?5?$AAn?$AAo?$AAt?$AA?5?$AAe?$AAn?$AAo?$AAu?$AAg?$AAh?$AA?5?$AAs?$AAp?$AAa?$AAc?$AAe?$AA?5?$AAf?$AAo?$AAr?$AA?5?$AAt?$AAh@ 000000014000e970     LIBCMT:crt0msg.obj
 0002:000009d0       ??_C@_1FK@BEOGODMC@?$AAR?$AA6?$AA0?$AA1?$AA7?$AA?$AN?$AA?6?$AA?9?$AA?5?$AAu?$AAn?$AAe?$AAx?$AAp?$AAe?$AAc?$AAt?$AAe?$AAd?$AA?5?$AAm?$AAu?$AAl?$AAt?$AAi?$AAt?$AAh?$AAr?$AAe?$AAa?$AAd?$AA?5@ 000000014000e9d0     LIBCMT:crt0msg.obj
 0002:00000a30       ??_C@_1EC@JIBHAOPH@?$AAR?$AA6?$AA0?$AA1?$AA8?$AA?$AN?$AA?6?$AA?9?$AA?5?$AAu?$AAn?$AAe?$AAx?$AAp?$AAe?$AAc?$AAt?$AAe?$AAd?$AA?5?$AAh?$AAe?$AAa?$AAp?$AA?5?$AAe?$AAr?$AAr?$AAo?$AAr?$AA?$AN?$AA?6@ 000000014000ea30     LIBCMT:crt0msg.obj
 0002:00000a80       ??_C@_1FC@ECHBIFBC@?$AAR?$AA6?$AA0?$AA1?$AA9?$AA?$AN?$AA?6?$AA?9?$AA?5?$AAu?$AAn?$AAa?$AAb?$AAl?$AAe?$AA?5?$AAt?$AAo?$AA?5?$AAo?$AAp?$AAe?$AAn?$AA?5?$AAc?$AAo?$AAn?$AAs?$AAo?$AAl?$AAe?$AA?5@ 000000014000ea80     LIBCMT:crt0msg.obj
 0002:00000ae0       ??_C@_1GK@FHCKBEFA@?$AAR?$AA6?$AA0?$AA2?$AA4?$AA?$AN?$AA?6?$AA?9?$AA?5?$AAn?$AAo?$AAt?$AA?5?$AAe?$AAn?$AAo?$AAu?$AAg?$AAh?$AA?5?$AAs?$AAp?$AAa?$AAc?$AAe?$AA?5?$AAf?$AAo?$AAr?$AA?5?$AA_?$AAo@ 000000014000eae0     LIBCMT:crt0msg.obj
 0002:00000b50       ??_C@_1EM@MAADIHMB@?$AAR?$AA6?$AA0?$AA2?$AA5?$AA?$AN?$AA?6?$AA?9?$AA?5?$AAp?$AAu?$AAr?$AAe?$AA?5?$AAv?$AAi?$AAr?$AAt?$AAu?$AAa?$AAl?$AA?5?$AAf?$AAu?$AAn?$AAc?$AAt?$AAi?$AAo?$AAn?$AA?5?$AAc@ 000000014000eb50     LIBCMT:crt0msg.obj
 0002:00000ba0       ??_C@_1GK@MCAAGJMO@?$AAR?$AA6?$AA0?$AA2?$AA6?$AA?$AN?$AA?6?$AA?9?$AA?5?$AAn?$AAo?$AAt?$AA?5?$AAe?$AAn?$AAo?$AAu?$AAg?$AAh?$AA?5?$AAs?$AAp?$AAa?$AAc?$AAe?$AA?5?$AAf?$AAo?$AAr?$AA?5?$AAs?$AAt@ 000000014000eba0     LIBCMT:crt0msg.obj
 0002:00000c10       ??_C@_1GK@MFGOKLAG@?$AAR?$AA6?$AA0?$AA2?$AA7?$AA?$AN?$AA?6?$AA?9?$AA?5?$AAn?$AAo?$AAt?$AA?5?$AAe?$AAn?$AAo?$AAu?$AAg?$AAh?$AA?5?$AAs?$AAp?$AAa?$AAc?$AAe?$AA?5?$AAf?$AAo?$AAr?$AA?5?$AAl?$AAo@ 000000014000ec10     LIBCMT:crt0msg.obj
 0002:00000c80       ??_C@_1EK@HHFLMAOL@?$AAR?$AA6?$AA0?$AA2?$AA8?$AA?$AN?$AA?6?$AA?9?$AA?5?$AAu?$AAn?$AAa?$AAb?$AAl?$AAe?$AA?5?$AAt?$AAo?$AA?5?$AAi?$AAn?$AAi?$AAt?$AAi?$AAa?$AAl?$AAi?$AAz?$AAe?$AA?5?$AAh?$AAe@ 000000014000ec80     LIBCMT:crt0msg.obj
 0002:00000cd0       ??_C@_1DO@BMFCDCD@?$AAR?$AA6?$AA0?$AA3?$AA0?$AA?$AN?$AA?6?$AA?9?$AA?5?$AAC?$AAR?$AAT?$AA?5?$AAn?$AAo?$AAt?$AA?5?$AAi?$AAn?$AAi?$AAt?$AAi?$AAa?$AAl?$AAi?$AAz?$AAe?$AAd?$AA?$AN?$AA?6?$AA?$AA@ 000000014000ecd0     LIBCMT:crt0msg.obj
 0002:00000d10       ??_C@_1MG@ENCOOIDF@?$AAR?$AA6?$AA0?$AA3?$AA1?$AA?$AN?$AA?6?$AA?9?$AA?5?$AAA?$AAt?$AAt?$AAe?$AAm?$AAp?$AAt?$AA?5?$AAt?$AAo?$AA?5?$AAi?$AAn?$AAi?$AAt?$AAi?$AAa?$AAl?$AAi?$AAz?$AAe?$AA?5?$AAt@ 000000014000ed10     LIBCMT:crt0msg.obj
 0002:00000de0       ??_C@_1GG@GOPILAJP@?$AAR?$AA6?$AA0?$AA3?$AA2?$AA?$AN?$AA?6?$AA?9?$AA?5?$AAn?$AAo?$AAt?$AA?5?$AAe?$AAn?$AAo?$AAu?$AAg?$AAh?$AA?5?$AAs?$AAp?$AAa?$AAc?$AAe?$AA?5?$AAf?$AAo?$AAr?$AA?5?$AAl?$AAo@ 000000014000ede0     LIBCMT:crt0msg.obj
 0002:00000e50       ??_C@_1BOO@KGEDBGAJ@?$AAR?$AA6?$AA0?$AA3?$AA3?$AA?$AN?$AA?6?$AA?9?$AA?5?$AAA?$AAt?$AAt?$AAe?$AAm?$AAp?$AAt?$AA?5?$AAt?$AAo?$AA?5?$AAu?$AAs?$AAe?$AA?5?$AAM?$AAS?$AAI?$AAL?$AA?5?$AAc?$AAo?$AAd@ 000000014000ee50     LIBCMT:crt0msg.obj
 0002:00001040       ??_C@_1GG@MKFPEKFO@?$AAR?$AA6?$AA0?$AA3?$AA4?$AA?$AN?$AA?6?$AA?9?$AA?5?$AAi?$AAn?$AAc?$AAo?$AAn?$AAs?$AAi?$AAs?$AAt?$AAe?$AAn?$AAt?$AA?5?$AAo?$AAn?$AAe?$AAx?$AAi?$AAt?$AA?5?$AAb?$AAe?$AAg@ 000000014000f040     LIBCMT:crt0msg.obj
 0002:000010a8       ??_C@_1BO@BFCDCGC@?$AAD?$AAO?$AAM?$AAA?$AAI?$AAN?$AA?5?$AAe?$AAr?$AAr?$AAo?$AAr?$AA?$AN?$AA?6?$AA?$AA@ 000000014000f0a8     LIBCMT:crt0msg.obj
 0002:000010c8       ??_C@_1BK@KMOMNAAI@?$AAS?$AAI?$AAN?$AAG?$AA?5?$AAe?$AAr?$AAr?$AAo?$AAr?$AA?$AN?$AA?6?$AA?$AA@ 000000014000f0c8     LIBCMT:crt0msg.obj
 0002:000010e8       ??_C@_1BM@JBBEPPHI@?$AAT?$AAL?$AAO?$AAS?$AAS?$AA?5?$AAe?$AAr?$AAr?$AAo?$AAr?$AA?$AN?$AA?6?$AA?$AA@ 000000014000f0e8     LIBCMT:crt0msg.obj
 0002:00001104       ??_C@_15JNBOKNOG@?$AA?$AN?$AA?6?$AA?$AA@ 000000014000f104     LIBCMT:crt0msg.obj
 0002:00001110       ??_C@_1BO@BKOMIGKJ@?$AAr?$AAu?$AAn?$AAt?$AAi?$AAm?$AAe?$AA?5?$AAe?$AAr?$AAr?$AAo?$AAr?$AA?5?$AA?$AA@ 000000014000f110     LIBCMT:crt0msg.obj
 0002:00001130       ??_C@_1DE@JNGNBFGO@?$AAR?$AAu?$AAn?$AAt?$AAi?$AAm?$AAe?$AA?5?$AAE?$AAr?$AAr?$AAo?$AAr?$AA?$CB?$AA?6?$AA?6?$AAP?$AAr?$AAo?$AAg?$AAr?$AAa?$AAm?$AA?3?$AA?5?$AA?$AA@ 000000014000f130     LIBCMT:crt0msg.obj
 0002:00001168       ??_C@_1CO@EAEJAADC@?$AA?$DM?$AAp?$AAr?$AAo?$AAg?$AAr?$AAa?$AAm?$AA?5?$AAn?$AAa?$AAm?$AAe?$AA?5?$AAu?$AAn?$AAk?$AAn?$AAo?$AAw?$AAn?$AA?$DO?$AA?$AA@ 000000014000f168     LIBCMT:crt0msg.obj
 0002:00001198       ??_C@_17LGKOMLJ@?$AA?4?$AA?4?$AA?4?$AA?$AA@ 000000014000f198     LIBCMT:crt0msg.obj
 0002:000011a0       ??_C@_15IABLJNFO@?$AA?6?$AA?6?$AA?$AA@ 000000014000f1a0     LIBCMT:crt0msg.obj
 0002:000011b0       ??_C@_1EK@MBDPDCGA@?$AAM?$AAi?$AAc?$AAr?$AAo?$AAs?$AAo?$AAf?$AAt?$AA?5?$AAV?$AAi?$AAs?$AAu?$AAa?$AAl?$AA?5?$AAC?$AA?$CL?$AA?$CL?$AA?5?$AAR?$AAu?$AAn?$AAt?$AAi?$AAm?$AAe?$AA?5?$AAL?$AAi?$AAb@ 000000014000f1b0     LIBCMT:crt0msg.obj
 0002:00001200       ??_C@_1BK@MGMFAEKH@?$AAk?$AAe?$AAr?$AAn?$AAe?$AAl?$AA3?$AA2?$AA?4?$AAd?$AAl?$AAl?$AA?$AA@ 000000014000f200     LIBCMT:winapisupp.obj
 0002:00001220       ??_C@_08KNHFBNJ@FlsAlloc?$AA@ 000000014000f220     LIBCMT:winapisupp.obj
 0002:00001230       ??_C@_07PEJMOBNF@FlsFree?$AA@ 000000014000f230     LIBCMT:winapisupp.obj
 0002:00001238       ??_C@_0M@GDNOONDI@FlsGetValue?$AA@ 000000014000f238     LIBCMT:winapisupp.obj
 0002:00001248       ??_C@_0M@JCPCPOEF@FlsSetValue?$AA@ 000000014000f248     LIBCMT:winapisupp.obj
 0002:00001258       ??_C@_0BM@HCFOFFN@InitializeCriticalSectionEx?$AA@ 000000014000f258     LIBCMT:winapisupp.obj
 0002:00001278       ??_C@_0P@DLHPPCNH@CreateEventExW?$AA@ 000000014000f278     LIBCMT:winapisupp.obj
 0002:00001288       ??_C@_0BD@KIEEOEEH@CreateSemaphoreExW?$AA@ 000000014000f288     LIBCMT:winapisupp.obj
 0002:000012a0       ??_C@_0BI@BKLFFAPO@SetThreadStackGuarantee?$AA@ 000000014000f2a0     LIBCMT:winapisupp.obj
 0002:000012b8       ??_C@_0BG@OGFAJCKC@CreateThreadpoolTimer?$AA@ 000000014000f2b8     LIBCMT:winapisupp.obj
 0002:000012d0       ??_C@_0BD@LPLEMMDI@SetThreadpoolTimer?$AA@ 000000014000f2d0     LIBCMT:winapisupp.obj
 0002:000012e8       ??_C@_0CA@FMNJENH@WaitForThreadpoolTimerCallbacks?$AA@ 000000014000f2e8     LIBCMT:winapisupp.obj
 0002:00001308       ??_C@_0BF@DCFCCNOC@CloseThreadpoolTimer?$AA@ 000000014000f308     LIBCMT:winapisupp.obj
 0002:00001320       ??_C@_0BF@FLABGKKM@CreateThreadpoolWait?$AA@ 000000014000f320     LIBCMT:winapisupp.obj
 0002:00001338       ??_C@_0BC@MGCOHNA@SetThreadpoolWait?$AA@ 000000014000f338     LIBCMT:winapisupp.obj
 0002:00001350       ??_C@_0BE@OCIOMIMP@CloseThreadpoolWait?$AA@ 000000014000f350     LIBCMT:winapisupp.obj
 0002:00001368       ??_C@_0BJ@LKGHFHBO@FlushProcessWriteBuffers?$AA@ 000000014000f368     LIBCMT:winapisupp.obj
 0002:00001388       ??_C@_0BP@KALKKPMO@FreeLibraryWhenCallbackReturns?$AA@ 000000014000f388     LIBCMT:winapisupp.obj
 0002:000013a8       ??_C@_0BK@DFNBACLA@GetCurrentProcessorNumber?$AA@ 000000014000f3a8     LIBCMT:winapisupp.obj
 0002:000013c8       ??_C@_0BP@KHGALBC@GetLogicalProcessorInformation?$AA@ 000000014000f3c8     LIBCMT:winapisupp.obj
 0002:000013e8       ??_C@_0BE@FKKLLFLM@CreateSymbolicLinkW?$AA@ 000000014000f3e8     LIBCMT:winapisupp.obj
 0002:00001400       ??_C@_0BJ@OHNKDLIJ@SetDefaultDllDirectories?$AA@ 000000014000f400     LIBCMT:winapisupp.obj
 0002:00001420       ??_C@_0BE@LJANKFHF@EnumSystemLocalesEx?$AA@ 000000014000f420     LIBCMT:winapisupp.obj
 0002:00001438       ??_C@_0BA@IHGNDAEB@CompareStringEx?$AA@ 000000014000f438     LIBCMT:winapisupp.obj
 0002:00001448       ??_C@_0BA@EPCJIIPD@GetDateFormatEx?$AA@ 000000014000f448     LIBCMT:winapisupp.obj
 0002:00001458       ??_C@_0BA@ONOKGCMP@GetLocaleInfoEx?$AA@ 000000014000f458     LIBCMT:winapisupp.obj
 0002:00001468       ??_C@_0BA@CIJJKCJJ@GetTimeFormatEx?$AA@ 000000014000f468     LIBCMT:winapisupp.obj
 0002:00001478       ??_C@_0BJ@PBCCBIPI@GetUserDefaultLocaleName?$AA@ 000000014000f478     LIBCMT:winapisupp.obj
 0002:00001498       ??_C@_0BC@CELBKLLA@IsValidLocaleName?$AA@ 000000014000f498     LIBCMT:winapisupp.obj
 0002:000014b0       ??_C@_0O@KKBNKAPF@LCMapStringEx?$AA@ 000000014000f4b0     LIBCMT:winapisupp.obj
 0002:000014c0       ??_C@_0BE@JOGNEJCI@GetCurrentPackageId?$AA@ 000000014000f4c0     LIBCMT:winapisupp.obj
 0002:000014d8       ??_C@_0P@CDHHOHKP@GetTickCount64?$AA@ 000000014000f4d8     LIBCMT:winapisupp.obj
 0002:000014e8       ??_C@_0BO@KPCLFDJJ@GetFileInformationByHandleExW?$AA@ 000000014000f4e8     LIBCMT:winapisupp.obj
 0002:00001508       ??_C@_0BM@MHIDLABK@SetFileInformationByHandleW?$AA@ 000000014000f508     LIBCMT:winapisupp.obj
 0002:00001524       ??_C@_00CNPNBAHC@?$AA@     000000014000f524     LIBCMT:wincmdln.obj
 0002:00001548       ??_C@_1M@HPNHIDJI@?$AAj?$AAa?$AA?9?$AAJ?$AAP?$AA?$AA@ 000000014000f548     LIBCMT:mbctype.obj
 0002:00001558       ??_C@_1M@BIBDDEMK@?$AAz?$AAh?$AA?9?$AAC?$AAN?$AA?$AA@ 000000014000f558     LIBCMT:mbctype.obj
 0002:00001568       ??_C@_1M@JLOOOEGK@?$AAk?$AAo?$AA?9?$AAK?$AAR?$AA?$AA@ 000000014000f568     LIBCMT:mbctype.obj
 0002:00001578       ??_C@_1M@CLNBBOPM@?$AAz?$AAh?$AA?9?$AAT?$AAW?$AA?$AA@ 000000014000f578     LIBCMT:mbctype.obj
 0002:00001584       ??_C@_03KOEHGMDN@Sun?$AA@  000000014000f584     LIBCMT:nlsdata.obj
 0002:00001588       ??_C@_03PDAGKDH@Mon?$AA@   000000014000f588     LIBCMT:nlsdata.obj
 0002:0000158c       ??_C@_03NAGEINEP@Tue?$AA@  000000014000f58c     LIBCMT:nlsdata.obj
 0002:00001590       ??_C@_03MHOMLAJA@Wed?$AA@  000000014000f590     LIBCMT:nlsdata.obj
 0002:00001594       ??_C@_03IOFIKPDN@Thu?$AA@  000000014000f594     LIBCMT:nlsdata.obj
 0002:00001598       ??_C@_03IDIOELNC@Fri?$AA@  000000014000f598     LIBCMT:nlsdata.obj
 0002:0000159c       ??_C@_03FEFJNEK@Sat?$AA@   000000014000f59c     LIBCMT:nlsdata.obj
 0002:000015a0       ??_C@_06OOPIFAJ@Sunday?$AA@ 000000014000f5a0     LIBCMT:nlsdata.obj
 0002:000015a8       ??_C@_06JLEDEDGH@Monday?$AA@ 000000014000f5a8     LIBCMT:nlsdata.obj
 0002:000015b0       ??_C@_07BAAGCFCM@Tuesday?$AA@ 000000014000f5b0     LIBCMT:nlsdata.obj
 0002:000015b8       ??_C@_09DLIGFAKA@Wednesday?$AA@ 000000014000f5b8     LIBCMT:nlsdata.obj
 0002:000015c8       ??_C@_08HACCIKIA@Thursday?$AA@ 000000014000f5c8     LIBCMT:nlsdata.obj
 0002:000015d4       ??_C@_06JECMNKMI@Friday?$AA@ 000000014000f5d4     LIBCMT:nlsdata.obj
 0002:000015e0       ??_C@_08INBOOONO@Saturday?$AA@ 000000014000f5e0     LIBCMT:nlsdata.obj
 0002:000015ec       ??_C@_03JIHJHPIE@Jan?$AA@  000000014000f5ec     LIBCMT:nlsdata.obj
 0002:000015f0       ??_C@_03HJBDCHOM@Feb?$AA@  000000014000f5f0     LIBCMT:nlsdata.obj
 0002:000015f4       ??_C@_03ODNJBKGA@Mar?$AA@  000000014000f5f4     LIBCMT:nlsdata.obj
 0002:000015f8       ??_C@_03LEOLGMJP@Apr?$AA@  000000014000f5f8     LIBCMT:nlsdata.obj
 0002:000015fc       ??_C@_03CNMDKL@May?$AA@    000000014000f5fc     LIBCMT:nlsdata.obj
 0002:00001600       ??_C@_03IDFGHECI@Jun?$AA@  000000014000f600     LIBCMT:nlsdata.obj
 0002:00001604       ??_C@_03LBGABGKK@Jul?$AA@  000000014000f604     LIBCMT:nlsdata.obj
 0002:00001608       ??_C@_03IFJFEIGA@Aug?$AA@  000000014000f608     LIBCMT:nlsdata.obj
 0002:0000160c       ??_C@_03GGCAPAJC@Sep?$AA@  000000014000f60c     LIBCMT:nlsdata.obj
 0002:00001610       ??_C@_03BMAOKBAD@Oct?$AA@  000000014000f610     LIBCMT:nlsdata.obj
 0002:00001614       ??_C@_03JPJOFNIA@Nov?$AA@  000000014000f614     LIBCMT:nlsdata.obj
 0002:00001618       ??_C@_03MKABNOCG@Dec?$AA@  000000014000f618     LIBCMT:nlsdata.obj
 0002:00001620       ??_C@_07CGJPFGJA@January?$AA@ 000000014000f620     LIBCMT:nlsdata.obj
 0002:00001628       ??_C@_08GNJGEPFN@February?$AA@ 000000014000f628     LIBCMT:nlsdata.obj
 0002:00001634       ??_C@_05HPCKOFNC@March?$AA@ 000000014000f634     LIBCMT:nlsdata.obj
 0002:0000163c       ??_C@_05DMJDNLEJ@April?$AA@ 000000014000f63c     LIBCMT:nlsdata.obj
 0002:00001644       ??_C@_04CNLMGBGM@June?$AA@ 000000014000f644     LIBCMT:nlsdata.obj
 0002:0000164c       ??_C@_04MIEPOIFP@July?$AA@ 000000014000f64c     LIBCMT:nlsdata.obj
 0002:00001654       ??_C@_06LBBHFDDG@August?$AA@ 000000014000f654     LIBCMT:nlsdata.obj
 0002:00001660       ??_C@_09BHHEALKD@September?$AA@ 000000014000f660     LIBCMT:nlsdata.obj
 0002:00001670       ??_C@_07JJNFCEND@October?$AA@ 000000014000f670     LIBCMT:nlsdata.obj
 0002:00001678       ??_C@_08HCHEGEOA@November?$AA@ 000000014000f678     LIBCMT:nlsdata.obj
 0002:00001688       ??_C@_08EDHMEBNP@December?$AA@ 000000014000f688     LIBCMT:nlsdata.obj
 0002:00001694       ??_C@_02DEDBPAFC@AM?$AA@   000000014000f694     LIBCMT:nlsdata.obj
 0002:00001698       ??_C@_02CJNFDJBF@PM?$AA@   000000014000f698     LIBCMT:nlsdata.obj
 0002:000016a0       ??_C@_08BPBNCDIB@MM?1dd?1yy?$AA@ 000000014000f6a0     LIBCMT:nlsdata.obj
 0002:000016b0       ??_C@_0BE@CKGJFCPC@dddd?0?5MMMM?5dd?0?5yyyy?$AA@ 000000014000f6b0     LIBCMT:nlsdata.obj
 0002:000016c8       ??_C@_08JCCMCCIL@HH?3mm?3ss?$AA@ 000000014000f6c8     LIBCMT:nlsdata.obj
 0002:000016d8       ??_C@_17MBGCMIPB@?$AAS?$AAu?$AAn?$AA?$AA@ 000000014000f6d8     LIBCMT:nlsdata.obj
 0002:000016e0       ??_C@_17KBOMKBF@?$AAM?$AAo?$AAn?$AA?$AA@ 000000014000f6e0     LIBCMT:nlsdata.obj
 0002:000016e8       ??_C@_17BMKGEGOJ@?$AAT?$AAu?$AAe?$AA?$AA@ 000000014000f6e8     LIBCMT:nlsdata.obj
 0002:000016f0       ??_C@_17CJEDCEPE@?$AAW?$AAe?$AAd?$AA?$AA@ 000000014000f6f0     LIBCMT:nlsdata.obj
 0002:000016f8       ??_C@_17PDPHAADD@?$AAT?$AAh?$AAu?$AA?$AA@ 000000014000f6f8     LIBCMT:nlsdata.obj
 0002:00001700       ??_C@_17HFOLPPLP@?$AAF?$AAr?$AAi?$AA?$AA@ 000000014000f700     LIBCMT:nlsdata.obj
 0002:00001708       ??_C@_17GGIBDPIH@?$AAS?$AAa?$AAt?$AA?$AA@ 000000014000f708     LIBCMT:nlsdata.obj
 0002:00001710       ??_C@_1O@IHNHDHPB@?$AAS?$AAu?$AAn?$AAd?$AAa?$AAy?$AA?$AA@ 000000014000f710     LIBCMT:nlsdata.obj
 0002:00001720       ??_C@_1O@MMNBFLIA@?$AAM?$AAo?$AAn?$AAd?$AAa?$AAy?$AA?$AA@ 000000014000f720     LIBCMT:nlsdata.obj
 0002:00001730       ??_C@_1BA@ENFBFFEK@?$AAT?$AAu?$AAe?$AAs?$AAd?$AAa?$AAy?$AA?$AA@ 000000014000f730     LIBCMT:nlsdata.obj
 0002:00001740       ??_C@_1BE@EBOGMDOH@?$AAW?$AAe?$AAd?$AAn?$AAe?$AAs?$AAd?$AAa?$AAy?$AA?$AA@ 000000014000f740     LIBCMT:nlsdata.obj
 0002:00001758       ??_C@_1BC@HHMNLIHE@?$AAT?$AAh?$AAu?$AAr?$AAs?$AAd?$AAa?$AAy?$AA?$AA@ 000000014000f758     LIBCMT:nlsdata.obj
 0002:00001770       ??_C@_1O@PDICJHAG@?$AAF?$AAr?$AAi?$AAd?$AAa?$AAy?$AA?$AA@ 000000014000f770     LIBCMT:nlsdata.obj
 0002:00001780       ??_C@_1BC@ENMNNPAJ@?$AAS?$AAa?$AAt?$AAu?$AAr?$AAd?$AAa?$AAy?$AA?$AA@ 000000014000f780     LIBCMT:nlsdata.obj
 0002:00001798       ??_C@_17DKNBKCHM@?$AAJ?$AAa?$AAn?$AA?$AA@ 000000014000f798     LIBCMT:nlsdata.obj
 0002:000017a0       ??_C@_17LMDJEKJN@?$AAF?$AAe?$AAb?$AA?$AA@ 000000014000f7a0     LIBCMT:nlsdata.obj
 0002:000017a8       ??_C@_17CKNLEDEC@?$AAM?$AAa?$AAr?$AA?$AA@ 000000014000f7a8     LIBCMT:nlsdata.obj
 0002:000017b0       ??_C@_17LFPOIHDD@?$AAA?$AAp?$AAr?$AA?$AA@ 000000014000f7b0     LIBCMT:nlsdata.obj
 0002:000017b8       ??_C@_17PNNKMEED@?$AAM?$AAa?$AAy?$AA?$AA@ 000000014000f7b8     LIBCMT:nlsdata.obj
 0002:000017c0       ??_C@_17KCJGOCPB@?$AAJ?$AAu?$AAn?$AA?$AA@ 000000014000f7c0     LIBCMT:nlsdata.obj
 0002:000017c8       ??_C@_17IJPCKHK@?$AAJ?$AAu?$AAl?$AA?$AA@ 000000014000f7c8     LIBCMT:nlsdata.obj
 0002:000017d0       ??_C@_17ICPELBCN@?$AAA?$AAu?$AAg?$AA?$AA@ 000000014000f7d0     LIBCMT:nlsdata.obj
 0002:000017d8       ??_C@_17HCHCOKMG@?$AAS?$AAe?$AAp?$AA?$AA@ 000000014000f7d8     LIBCMT:nlsdata.obj
 0002:000017e0       ??_C@_17FNLKOI@?$AAO?$AAc?$AAt?$AA?$AA@ 000000014000f7e0     LIBCMT:nlsdata.obj
 0002:000017e8       ??_C@_17BBDMLCIG@?$AAN?$AAo?$AAv?$AA?$AA@ 000000014000f7e8     LIBCMT:nlsdata.obj
 0002:000017f0       ??_C@_17EGKACKIF@?$AAD?$AAe?$AAc?$AA?$AA@ 000000014000f7f0     LIBCMT:nlsdata.obj
 0002:000017f8       ??_C@_1BA@EFMEIEBA@?$AAJ?$AAa?$AAn?$AAu?$AAa?$AAr?$AAy?$AA?$AA@ 000000014000f7f8     LIBCMT:nlsdata.obj
 0002:00001808       ??_C@_1BC@JGDDFFAM@?$AAF?$AAe?$AAb?$AAr?$AAu?$AAa?$AAr?$AAy?$AA?$AA@ 000000014000f808     LIBCMT:nlsdata.obj
 0002:00001820       ??_C@_1M@IKEENEDF@?$AAM?$AAa?$AAr?$AAc?$AAh?$AA?$AA@ 000000014000f820     LIBCMT:nlsdata.obj
 0002:00001830       ??_C@_1M@GJNLMHFD@?$AAA?$AAp?$AAr?$AAi?$AAl?$AA?$AA@ 000000014000f830     LIBCMT:nlsdata.obj
 0002:00001840       ??_C@_19EPFLPGAP@?$AAJ?$AAu?$AAn?$AAe?$AA?$AA@ 000000014000f840     LIBCMT:nlsdata.obj
 0002:00001850       ??_C@_19BIFMLPCD@?$AAJ?$AAu?$AAl?$AAy?$AA?$AA@ 000000014000f850     LIBCMT:nlsdata.obj
 0002:00001860       ??_C@_1O@PAHLKOAC@?$AAA?$AAu?$AAg?$AAu?$AAs?$AAt?$AA?$AA@ 000000014000f860     LIBCMT:nlsdata.obj
 0002:00001870       ??_C@_1BE@DKAAMBJL@?$AAS?$AAe?$AAp?$AAt?$AAe?$AAm?$AAb?$AAe?$AAr?$AA?$AA@ 000000014000f870     LIBCMT:nlsdata.obj
 0002:00001888       ??_C@_1BA@EPANDLNG@?$AAO?$AAc?$AAt?$AAo?$AAb?$AAe?$AAr?$AA?$AA@ 000000014000f888     LIBCMT:nlsdata.obj
 0002:00001898       ??_C@_1BC@BGLIFPF@?$AAN?$AAo?$AAv?$AAe?$AAm?$AAb?$AAe?$AAr?$AA?$AA@ 000000014000f898     LIBCMT:nlsdata.obj
 0002:000018b0       ??_C@_1BC@FEMKIFH@?$AAD?$AAe?$AAc?$AAe?$AAm?$AAb?$AAe?$AAr?$AA?$AA@ 000000014000f8b0     LIBCMT:nlsdata.obj
 0002:000018c4       ??_C@_15ODEHAHHF@?$AAA?$AAM?$AA?$AA@ 000000014000f8c4     LIBCMT:nlsdata.obj
 0002:000018cc       ??_C@_15CLMNNGEL@?$AAP?$AAM?$AA?$AA@ 000000014000f8cc     LIBCMT:nlsdata.obj
 0002:000018d8       ??_C@_1BC@IEBCMHCM@?$AAM?$AAM?$AA?1?$AAd?$AAd?$AA?1?$AAy?$AAy?$AA?$AA@ 000000014000f8d8     LIBCMT:nlsdata.obj
 0002:000018f0       ??_C@_1CI@KNAKOEBC@?$AAd?$AAd?$AAd?$AAd?$AA?0?$AA?5?$AAM?$AAM?$AAM?$AAM?$AA?5?$AAd?$AAd?$AA?0?$AA?5?$AAy?$AAy?$AAy?$AAy?$AA?$AA@ 000000014000f8f0     LIBCMT:nlsdata.obj
 0002:00001918       ??_C@_1BC@GDGBMEMK@?$AAH?$AAH?$AA?3?$AAm?$AAm?$AA?3?$AAs?$AAs?$AA?$AA@ 000000014000f918     LIBCMT:nlsdata.obj
 0002:00001930       ??_C@_1M@BMHNFIME@?$AAe?$AAn?$AA?9?$AAU?$AAS?$AA?$AA@ 000000014000f930     LIBCMT:nlsdata.obj
 0002:00001950       ??_C@_03KHJOGHMM@exp?$AA@  000000014000f950     LIBCMT:fpexcept.obj
 0002:00001954       ??_C@_03JGHBODFD@pow?$AA@  000000014000f954     LIBCMT:fpexcept.obj
 0002:00001958       ??_C@_03MGHMBJCF@log?$AA@  000000014000f958     LIBCMT:fpexcept.obj
 0002:0000195c       ??_C@_05HGHHAHAP@log10?$AA@ 000000014000f95c     LIBCMT:fpexcept.obj
 0002:00001964       ??_C@_04COOMCNPB@sinh?$AA@ 000000014000f964     LIBCMT:fpexcept.obj
 0002:0000196c       ??_C@_04HPJJNFIM@cosh?$AA@ 000000014000f96c     LIBCMT:fpexcept.obj
 0002:00001974       ??_C@_04FJHINJAO@tanh?$AA@ 000000014000f974     LIBCMT:fpexcept.obj
 0002:0000197c       ??_C@_04FIHNOPOL@asin?$AA@ 000000014000f97c     LIBCMT:fpexcept.obj
 0002:00001984       ??_C@_04PDIFKINK@acos?$AA@ 000000014000f984     LIBCMT:fpexcept.obj
 0002:0000198c       ??_C@_04MLLJIGOK@atan?$AA@ 000000014000f98c     LIBCMT:fpexcept.obj
 0002:00001994       ??_C@_05KNGEOGJB@atan2?$AA@ 000000014000f994     LIBCMT:fpexcept.obj
 0002:0000199c       ??_C@_04EIAKFFMI@sqrt?$AA@ 000000014000f99c     LIBCMT:fpexcept.obj
 0002:000019a4       ??_C@_03BLEJJJBH@sin?$AA@  000000014000f9a4     LIBCMT:fpexcept.obj
 0002:000019a8       ??_C@_03LALBNOCG@cos?$AA@  000000014000f9a8     LIBCMT:fpexcept.obj
 0002:000019ac       ??_C@_03IIINPABG@tan?$AA@  000000014000f9ac     LIBCMT:fpexcept.obj
 0002:000019b0       ??_C@_04GFPJNGEK@ceil?$AA@ 000000014000f9b0     LIBCMT:fpexcept.obj
 0002:000019b8       ??_C@_05PBJFFIGL@floor?$AA@ 000000014000f9b8     LIBCMT:fpexcept.obj
 0002:000019c0       ??_C@_04ODHECPBC@fabs?$AA@ 000000014000f9c0     LIBCMT:fpexcept.obj
 0002:000019c8       ??_C@_04EHEDPDJG@modf?$AA@ 000000014000f9c8     LIBCMT:fpexcept.obj
 0002:000019d0       ??_C@_05CEJMAHNP@ldexp?$AA@ 000000014000f9d0     LIBCMT:fpexcept.obj
 0002:000019d8       ??_C@_05KBKMEMPO@_cabs?$AA@ 000000014000f9d8     LIBCMT:fpexcept.obj
 0002:000019e0       ??_C@_04KEPJIHGP@fmod?$AA@ 000000014000f9e0     LIBCMT:fpexcept.obj
 0002:000019e8       ??_C@_05GKKHEGJL@frexp?$AA@ 000000014000f9e8     LIBCMT:fpexcept.obj
 0002:000019f0       ??_C@_03MJLDFKDL@_y0?$AA@  000000014000f9f0     LIBCMT:fpexcept.obj
 0002:000019f4       ??_C@_03NAKIGLHK@_y1?$AA@  000000014000f9f4     LIBCMT:fpexcept.obj
 0002:000019f8       ??_C@_03ONILCKOB@_yn?$AA@  000000014000f9f8     LIBCMT:fpexcept.obj
 0002:000019fc       ??_C@_05JGDBENOH@_logb?$AA@ 000000014000f9fc     LIBCMT:fpexcept.obj
 0002:00001a08       ??_C@_0L@KDOEJCKC@_nextafter?$AA@ 000000014000fa08     LIBCMT:fpexcept.obj
 0002:00001a18       ??_C@_1BG@GOEBHBDC@?$AAU?$AAS?$AAE?$AAR?$AA3?$AA2?$AA?4?$AAD?$AAL?$AAL?$AA?$AA@ 000000014000fa18     LIBCMT:crtmboxw.obj
 0002:00001a30       ??_C@_0M@DLDCCGNP@MessageBoxW?$AA@ 000000014000fa30     LIBCMT:crtmboxw.obj
 0002:00001a40       ??_C@_0BA@HNOPNCHB@GetActiveWindow?$AA@ 000000014000fa40     LIBCMT:crtmboxw.obj
 0002:00001a50       ??_C@_0BD@HHGDFDBJ@GetLastActivePopup?$AA@ 000000014000fa50     LIBCMT:crtmboxw.obj
 0002:00001a68       ??_C@_0BK@DEKFELLI@GetUserObjectInformationW?$AA@ 000000014000fa68     LIBCMT:crtmboxw.obj
 0002:00001a88       ??_C@_0BI@DFKBFLJE@GetProcessWindowStation?$AA@ 000000014000fa88     LIBCMT:crtmboxw.obj
 0002:00001aa0       __newctype                 000000014000faa0     LIBCMT:ctype.obj
 0002:00001da0       _wctype                    000000014000fda0     LIBCMT:ctype.obj
 0002:00001fb0       __newclmap                 000000014000ffb0     LIBCMT:ctype.obj
 0002:00002130       __newcumap                 0000000140010130     LIBCMT:ctype.obj
 0002:00002330       ??_C@_06PGGFOGJG@1?$CDSNAN?$AA@ 0000000140010330     LIBCMT:x10fout.obj
 0002:00002338       ??_C@_05PHHOCPM@1?$CDIND?$AA@ 0000000140010338     LIBCMT:x10fout.obj
 0002:00002340       ??_C@_05DNEBIAHO@1?$CDINF?$AA@ 0000000140010340     LIBCMT:x10fout.obj
 0002:00002348       ??_C@_06IMKFLFPG@1?$CDQNAN?$AA@ 0000000140010348     LIBCMT:x10fout.obj
 0002:00002350       LcidToLocaleNameTable      0000000140010350     LIBCMT:winapinls.obj
 0002:00003190       LocaleNameToIndexTable     0000000140011190     LIBCMT:winapinls.obj
 0002:00003fd0       ??_C@_15EMKDOKLE@?$AAa?$AAr?$AA?$AA@ 0000000140011fd0     LIBCMT:winapinls.obj
 0002:00003fd8       ??_C@_15KNPADPLH@?$AAb?$AAg?$AA?$AA@ 0000000140011fd8     LIBCMT:winapinls.obj
 0002:00003fe0       ??_C@_15EDMHLDMO@?$AAc?$AAa?$AA?$AA@ 0000000140011fe0     LIBCMT:winapinls.obj
 0002:00003fe8       ??_C@_1O@BPEAJADD@?$AAz?$AAh?$AA?9?$AAC?$AAH?$AAS?$AA?$AA@ 0000000140011fe8     LIBCMT:winapinls.obj
 0002:00003ff8       ??_C@_15LJNHCMNK@?$AAc?$AAs?$AA?$AA@ 0000000140011ff8     LIBCMT:winapinls.obj
 0002:00004000       ??_C@_15FOMCIDHG@?$AAd?$AAa?$AA?$AA@ 0000000140012000     LIBCMT:winapinls.obj
 0002:00004008       ??_C@_15NBKABECB@?$AAd?$AAe?$AA?$AA@ 0000000140012008     LIBCMT:winapinls.obj
 0002:00004010       ??_C@_15GHPEIIAO@?$AAe?$AAl?$AA?$AA@ 0000000140012010     LIBCMT:winapinls.obj
 0002:00004018       ??_C@_15MNPNEAIF@?$AAe?$AAn?$AA?$AA@ 0000000140012018     LIBCMT:winapinls.obj
 0002:00004020       ??_C@_15GPIOMPMH@?$AAe?$AAs?$AA?$AA@ 0000000140012020     LIBCMT:winapinls.obj
 0002:00004028       ??_C@_15NGLOAKJC@?$AAf?$AAi?$AA?$AA@ 0000000140012028     LIBCMT:winapinls.obj
 0002:00004030       ??_C@_15FBKGNKAM@?$AAf?$AAr?$AA?$AA@ 0000000140012030     LIBCMT:winapinls.obj
 0002:00004038       ??_C@_15KGGCNEFK@?$AAh?$AAe?$AA?$AA@ 0000000140012038     LIBCMT:winapinls.obj
 0002:00004040       ??_C@_15PGHLIDMF@?$AAh?$AAu?$AA?$AA@ 0000000140012040     LIBCMT:winapinls.obj
 0002:00004048       ??_C@_15BIEMAPLM@?$AAi?$AAs?$AA?$AA@ 0000000140012048     LIBCMT:winapinls.obj
 0002:00004050       ??_C@_15IFJLDHAF@?$AAi?$AAt?$AA?$AA@ 0000000140012050     LIBCMT:winapinls.obj
 0002:00004058       ??_C@_15GEMIOCAG@?$AAj?$AAa?$AA?$AA@ 0000000140012058     LIBCMT:winapinls.obj
 0002:00004060       ??_C@_15EPELEGJA@?$AAk?$AAo?$AA?$AA@ 0000000140012060     LIBCMT:winapinls.obj
 0002:00004068       ??_C@_15NDDHIMN@?$AAn?$AAl?$AA?$AA@ 0000000140012068     LIBCMT:winapinls.obj
 0002:00004070       ??_C@_15BPIGNHCD@?$AAn?$AAo?$AA?$AA@ 0000000140012070     LIBCMT:winapinls.obj
 0002:00004078       ??_C@_15DEOPBLCG@?$AAp?$AAl?$AA?$AA@ 0000000140012078     LIBCMT:winapinls.obj
 0002:00004080       ??_C@_15KBECGEFG@?$AAp?$AAt?$AA?$AA@ 0000000140012080     LIBCMT:winapinls.obj
 0002:00004088       ??_C@_15GLJCBFMD@?$AAr?$AAo?$AA?$AA@ 0000000140012088     LIBCMT:winapinls.obj
 0002:00004090       ??_C@_15FEDGKCDI@?$AAr?$AAu?$AA?$AA@ 0000000140012090     LIBCMT:winapinls.obj
 0002:00004098       ??_C@_15GLKMLLHM@?$AAh?$AAr?$AA?$AA@ 0000000140012098     LIBCMT:winapinls.obj
 0002:000040a0       ??_C@_15CPKMFBDB@?$AAs?$AAk?$AA?$AA@ 00000001400120a0     LIBCMT:winapinls.obj
 0002:000040a8       ??_C@_15BAAIOGMK@?$AAs?$AAq?$AA?$AA@ 00000001400120a8     LIBCMT:winapinls.obj
 0002:000040b0       ??_C@_15INNPNOHD@?$AAs?$AAv?$AA?$AA@ 00000001400120b0     LIBCMT:winapinls.obj
 0002:000040b8       ??_C@_15CABMMOGH@?$AAt?$AAh?$AA?$AA@ 00000001400120b8     LIBCMT:winapinls.obj
 0002:000040c0       ??_C@_15BPLIHJJM@?$AAt?$AAr?$AA?$AA@ 00000001400120c0     LIBCMT:winapinls.obj
 0002:000040c8       ??_C@_15NEOEKKDJ@?$AAu?$AAr?$AA?$AA@ 00000001400120c8     LIBCMT:winapinls.obj
 0002:000040d0       ??_C@_15NFICGAJK@?$AAi?$AAd?$AA?$AA@ 00000001400120d0     LIBCMT:winapinls.obj
 0002:000040d8       ??_C@_15PJPFLCCM@?$AAu?$AAk?$AA?$AA@ 00000001400120d8     LIBCMT:winapinls.obj
 0002:000040e0       ??_C@_15HPJPHDM@?$AAb?$AAe?$AA?$AA@ 00000001400120e0     LIBCMT:winapinls.obj
 0002:000040e8       ??_C@_15LCHLGJII@?$AAs?$AAl?$AA?$AA@ 00000001400120e8     LIBCMT:winapinls.obj
 0002:000040f0       ??_C@_15PCFJPHHO@?$AAe?$AAt?$AA?$AA@ 00000001400120f0     LIBCMT:winapinls.obj
 0002:000040f8       ??_C@_15HPFPGODN@?$AAl?$AAv?$AA?$AA@ 00000001400120f8     LIBCMT:winapinls.obj
 0002:00004100       ??_C@_15NFFGKGLG@?$AAl?$AAt?$AA?$AA@ 0000000140012100     LIBCMT:winapinls.obj
 0002:00004108       ??_C@_15BDAKCCHN@?$AAf?$AAa?$AA?$AA@ 0000000140012108     LIBCMT:winapinls.obj
 0002:00004110       ??_C@_15NFGIAIAJ@?$AAv?$AAi?$AA?$AA@ 0000000140012110     LIBCMT:winapinls.obj
 0002:00004118       ??_C@_15LMKNDMHN@?$AAh?$AAy?$AA?$AA@ 0000000140012118     LIBCMT:winapinls.obj
 0002:00004120       ??_C@_15IJBHMCFL@?$AAa?$AAz?$AA?$AA@ 0000000140012120     LIBCMT:winapinls.obj
 0002:00004128       ??_C@_15EKOFJABL@?$AAe?$AAu?$AA?$AA@ 0000000140012128     LIBCMT:winapinls.obj
 0002:00004130       ??_C@_15BGHADCNK@?$AAm?$AAk?$AA?$AA@ 0000000140012130     LIBCMT:winapinls.obj
 0002:00004138       ??_C@_15JDNICKHM@?$AAa?$AAf?$AA?$AA@ 0000000140012138     LIBCMT:winapinls.obj
 0002:00004140       ??_C@_15KPJEDBKD@?$AAk?$AAa?$AA?$AA@ 0000000140012140     LIBCMT:winapinls.obj
 0002:00004148       ??_C@_15PDNFFFEO@?$AAf?$AAo?$AA?$AA@ 0000000140012148     LIBCMT:winapinls.obj
 0002:00004150       ??_C@_15OMLEGLOC@?$AAh?$AAi?$AA?$AA@ 0000000140012150     LIBCMT:winapinls.obj
 0002:00004158       ??_C@_15IDNNENKK@?$AAm?$AAs?$AA?$AA@ 0000000140012158     LIBCMT:winapinls.obj
 0002:00004160       ??_C@_15MACJNBMH@?$AAk?$AAk?$AA?$AA@ 0000000140012160     LIBCMT:winapinls.obj
 0002:00004168       ??_C@_15DKDJEOND@?$AAk?$AAy?$AA?$AA@ 0000000140012168     LIBCMT:winapinls.obj
 0002:00004170       ??_C@_15DFGDLJBG@?$AAs?$AAw?$AA?$AA@ 0000000140012170     LIBCMT:winapinls.obj
 0002:00004178       ??_C@_15BBFAICNG@?$AAu?$AAz?$AA?$AA@ 0000000140012178     LIBCMT:winapinls.obj
 0002:00004180       ??_C@_15DKNDCGEA@?$AAt?$AAt?$AA?$AA@ 0000000140012180     LIBCMT:winapinls.obj
 0002:00004188       ??_C@_15MGIFMDPL@?$AAp?$AAa?$AA?$AA@ 0000000140012188     LIBCMT:winapinls.obj
 0002:00004190       ??_C@_15HCNDBBA@?$AAg?$AAu?$AA?$AA@ 0000000140012190     LIBCMT:winapinls.obj
 0002:00004198       ??_C@_15FNBEIBON@?$AAt?$AAa?$AA?$AA@ 0000000140012198     LIBCMT:winapinls.obj
 0002:000041a0       ??_C@_15NCHGBGLK@?$AAt?$AAe?$AA?$AA@ 00000001400121a0     LIBCMT:winapinls.obj
 0002:000041a8       ??_C@_15PHPHCBPF@?$AAk?$AAn?$AA?$AA@ 00000001400121a8     LIBCMT:winapinls.obj
 0002:000041b0       ??_C@_15DLGBCKMP@?$AAm?$AAr?$AA?$AA@ 00000001400121b0     LIBCMT:winapinls.obj
 0002:000041b8       ??_C@_15EABBLBFF@?$AAs?$AAa?$AA?$AA@ 00000001400121b8     LIBCMT:winapinls.obj
 0002:000041c0       ??_C@_15CBKOMCOI@?$AAm?$AAn?$AA?$AA@ 00000001400121c0     LIBCMT:winapinls.obj
 0002:000041c8       ??_C@_15CKDMCJAF@?$AAg?$AAl?$AA?$AA@ 00000001400121c8     LIBCMT:winapinls.obj
 0002:000041d0       ??_C@_17CNJFBPG@?$AAk?$AAo?$AAk?$AA?$AA@ 00000001400121d0     LIBCMT:winapinls.obj
 0002:000041d8       ??_C@_17FFBJICPL@?$AAs?$AAy?$AAr?$AA?$AA@ 00000001400121d8     LIBCMT:winapinls.obj
 0002:000041e0       ??_C@_17KPNDCPAF@?$AAd?$AAi?$AAv?$AA?$AA@ 00000001400121e0     LIBCMT:winapinls.obj
 0002:000041e8       ??_C@_11LOCGONAA@?$AA?$AA@ 00000001400121e8     LIBCMT:winapinls.obj
 0002:000041f0       ??_C@_1M@OKAHONE@?$AAa?$AAr?$AA?9?$AAS?$AAA?$AA?$AA@ 00000001400121f0     LIBCMT:winapinls.obj
 0002:00004200       ??_C@_1M@FFFIGIGK@?$AAb?$AAg?$AA?9?$AAB?$AAG?$AA?$AA@ 0000000140012200     LIBCMT:winapinls.obj
 0002:00004210       ??_C@_1M@BJNKEDC@?$AAc?$AAa?$AA?9?$AAE?$AAS?$AA?$AA@ 0000000140012210     LIBCMT:winapinls.obj
 0002:00004220       ??_C@_1M@IJJHFJHA@?$AAc?$AAs?$AA?9?$AAC?$AAZ?$AA?$AA@ 0000000140012220     LIBCMT:winapinls.obj
 0002:00004230       ??_C@_1M@CLPEOBGI@?$AAd?$AAa?$AA?9?$AAD?$AAK?$AA?$AA@ 0000000140012230     LIBCMT:winapinls.obj
 0002:00004240       ??_C@_1M@MCMADGCB@?$AAd?$AAe?$AA?9?$AAD?$AAE?$AA?$AA@ 0000000140012240     LIBCMT:winapinls.obj
 0002:00004250       ??_C@_1M@OOCKEMAM@?$AAe?$AAl?$AA?9?$AAG?$AAR?$AA?$AA@ 0000000140012250     LIBCMT:winapinls.obj
 0002:00004260       ??_C@_1M@DDNJFGID@?$AAf?$AAi?$AA?9?$AAF?$AAI?$AA?$AA@ 0000000140012260     LIBCMT:winapinls.obj
 0002:00004270       ??_C@_1M@GLIPPMAC@?$AAf?$AAr?$AA?9?$AAF?$AAR?$AA?$AA@ 0000000140012270     LIBCMT:winapinls.obj
 0002:00004280       ??_C@_1M@GFMCHPE@?$AAh?$AAe?$AA?9?$AAI?$AAL?$AA?$AA@ 0000000140012280     LIBCMT:winapinls.obj
 0002:00004290       ??_C@_1M@MHLPGNKM@?$AAh?$AAu?$AA?9?$AAH?$AAU?$AA?$AA@ 0000000140012290     LIBCMT:winapinls.obj
 0002:000042a0       ??_C@_1M@LPDDNNPN@?$AAi?$AAs?$AA?9?$AAI?$AAS?$AA?$AA@ 00000001400122a0     LIBCMT:winapinls.obj
 0002:000042b0       ??_C@_1M@MADIPODN@?$AAi?$AAt?$AA?9?$AAI?$AAT?$AA?$AA@ 00000001400122b0     LIBCMT:winapinls.obj
 0002:000042c0       ??_C@_1M@IHBJJGG@?$AAn?$AAl?$AA?9?$AAN?$AAL?$AA?$AA@ 00000001400122c0     LIBCMT:winapinls.obj
 0002:000042d0       ??_C@_1M@EANAGDL@?$AAn?$AAb?$AA?9?$AAN?$AAO?$AA?$AA@ 00000001400122d0     LIBCMT:winapinls.obj
 0002:000042e0       ??_C@_1M@NEIEMEGP@?$AAp?$AAl?$AA?9?$AAP?$AAL?$AA?$AA@ 00000001400122e0     LIBCMT:winapinls.obj
 0002:000042f0       ??_C@_1M@BOCFIGEP@?$AAp?$AAt?$AA?9?$AAB?$AAR?$AA?$AA@ 00000001400122f0     LIBCMT:winapinls.obj
 0002:00004300       ??_C@_1M@IMPFOPBG@?$AAr?$AAo?$AA?9?$AAR?$AAO?$AA?$AA@ 0000000140012300     LIBCMT:winapinls.obj
 0002:00004310       ??_C@_1M@IDNNEJMM@?$AAr?$AAu?$AA?9?$AAR?$AAU?$AA?$AA@ 0000000140012310     LIBCMT:winapinls.obj
 0002:00004320       ??_C@_1M@LILEEOGM@?$AAh?$AAr?$AA?9?$AAH?$AAR?$AA?$AA@ 0000000140012320     LIBCMT:winapinls.obj
 0002:00004330       ??_C@_1M@FKIFEHPB@?$AAs?$AAk?$AA?9?$AAS?$AAK?$AA?$AA@ 0000000140012330     LIBCMT:winapinls.obj
 0002:00004340       ??_C@_1M@LJMAMNPJ@?$AAs?$AAq?$AA?9?$AAA?$AAL?$AA?$AA@ 0000000140012340     LIBCMT:winapinls.obj
 0002:00004350       ??_C@_1M@GIAKDKJK@?$AAs?$AAv?$AA?9?$AAS?$AAE?$AA?$AA@ 0000000140012350     LIBCMT:winapinls.obj
 0002:00004360       ??_C@_1M@MKJKIKCL@?$AAt?$AAh?$AA?9?$AAT?$AAH?$AA?$AA@ 0000000140012360     LIBCMT:winapinls.obj
 0002:00004370       ??_C@_1M@MFLCCMPB@?$AAt?$AAr?$AA?9?$AAT?$AAR?$AA?$AA@ 0000000140012370     LIBCMT:winapinls.obj
 0002:00004380       ??_C@_1M@OIJHDKJN@?$AAu?$AAr?$AA?9?$AAP?$AAK?$AA?$AA@ 0000000140012380     LIBCMT:winapinls.obj
 0002:00004390       ??_C@_1M@LHIPCIEK@?$AAi?$AAd?$AA?9?$AAI?$AAD?$AA?$AA@ 0000000140012390     LIBCMT:winapinls.obj
 0002:000043a0       ??_C@_1M@MFMOBGI@?$AAu?$AAk?$AA?9?$AAU?$AAA?$AA?$AA@ 00000001400123a0     LIBCMT:winapinls.obj
 0002:000043b0       ??_C@_1M@OBGLJIPL@?$AAb?$AAe?$AA?9?$AAB?$AAY?$AA?$AA@ 00000001400123b0     LIBCMT:winapinls.obj
 0002:000043c0       ??_C@_1M@BCFAJEAD@?$AAs?$AAl?$AA?9?$AAS?$AAI?$AA?$AA@ 00000001400123c0     LIBCMT:winapinls.obj
 0002:000043d0       ??_C@_1M@FKFFEDDN@?$AAe?$AAt?$AA?9?$AAE?$AAE?$AA?$AA@ 00000001400123d0     LIBCMT:winapinls.obj
 0002:000043e0       ??_C@_1M@KGKKAACI@?$AAl?$AAv?$AA?9?$AAL?$AAV?$AA?$AA@ 00000001400123e0     LIBCMT:winapinls.obj
 0002:000043f0       ??_C@_1M@IFGBIJO@?$AAl?$AAt?$AA?9?$AAL?$AAT?$AA?$AA@ 00000001400123f0     LIBCMT:winapinls.obj
 0002:00004400       ??_C@_1M@FGEAHEDM@?$AAf?$AAa?$AA?9?$AAI?$AAR?$AA?$AA@ 0000000140012400     LIBCMT:winapinls.obj
 0002:00004410       ??_C@_1M@KBMAIBFN@?$AAv?$AAi?$AA?9?$AAV?$AAN?$AA?$AA@ 0000000140012410     LIBCMT:winapinls.obj
 0002:00004420       ??_C@_1M@GPCBKDJK@?$AAh?$AAy?$AA?9?$AAA?$AAM?$AA?$AA@ 0000000140012420     LIBCMT:winapinls.obj
 0002:00004430       ??_C@_1BG@BECMDDJB@?$AAa?$AAz?$AA?9?$AAA?$AAZ?$AA?9?$AAL?$AAa?$AAt?$AAn?$AA?$AA@ 0000000140012430     LIBCMT:winapinls.obj
 0002:00004448       ??_C@_1M@MAOFCAEA@?$AAe?$AAu?$AA?9?$AAE?$AAS?$AA?$AA@ 0000000140012448     LIBCMT:winapinls.obj
 0002:00004458       ??_C@_1M@IGHABKPI@?$AAm?$AAk?$AA?9?$AAM?$AAK?$AA?$AA@ 0000000140012458     LIBCMT:winapinls.obj
 0002:00004468       ??_C@_1M@IAIGNEJG@?$AAt?$AAn?$AA?9?$AAZ?$AAA?$AA?$AA@ 0000000140012468     LIBCMT:winapinls.obj
 0002:00004478       ??_C@_1M@IIJCOJFA@?$AAx?$AAh?$AA?9?$AAZ?$AAA?$AA?$AA@ 0000000140012478     LIBCMT:winapinls.obj
 0002:00004488       ??_C@_1M@LGPJHNJH@?$AAz?$AAu?$AA?9?$AAZ?$AAA?$AA?$AA@ 0000000140012488     LIBCMT:winapinls.obj
 0002:00004498       ??_C@_1M@HOKAOIO@?$AAa?$AAf?$AA?9?$AAZ?$AAA?$AA?$AA@ 0000000140012498     LIBCMT:winapinls.obj
 0002:000044a8       ??_C@_1M@DPCLHLIE@?$AAk?$AAa?$AA?9?$AAG?$AAE?$AA?$AA@ 00000001400124a8     LIBCMT:winapinls.obj
 0002:000044b8       ??_C@_1M@BLKMHJBI@?$AAf?$AAo?$AA?9?$AAF?$AAO?$AA?$AA@ 00000001400124b8     LIBCMT:winapinls.obj
 0002:000044c8       ??_C@_1M@LGGJAPPB@?$AAh?$AAi?$AA?9?$AAI?$AAN?$AA?$AA@ 00000001400124c8     LIBCMT:winapinls.obj
 0002:000044d8       ??_C@_1M@FIKPIHFE@?$AAm?$AAt?$AA?9?$AAM?$AAT?$AA?$AA@ 00000001400124d8     LIBCMT:winapinls.obj
 0002:000044e8       ??_C@_1M@HEGGPBFA@?$AAs?$AAe?$AA?9?$AAN?$AAO?$AA?$AA@ 00000001400124e8     LIBCMT:winapinls.obj
 0002:000044f8       ??_C@_1M@EIBJEEPA@?$AAm?$AAs?$AA?9?$AAM?$AAY?$AA?$AA@ 00000001400124f8     LIBCMT:winapinls.obj
 0002:00004508       ??_C@_1M@FHLBGMPP@?$AAk?$AAk?$AA?9?$AAK?$AAZ?$AA?$AA@ 0000000140012508     LIBCMT:winapinls.obj
 0002:00004518       ??_C@_1M@NGJJLCGI@?$AAk?$AAy?$AA?9?$AAK?$AAG?$AA?$AA@ 0000000140012518     LIBCMT:winapinls.obj
 0002:00004528       ??_C@_1M@GIENNBFC@?$AAs?$AAw?$AA?9?$AAK?$AAE?$AA?$AA@ 0000000140012528     LIBCMT:winapinls.obj
 0002:00004538       ??_C@_1BG@NDGMJIMJ@?$AAu?$AAz?$AA?9?$AAU?$AAZ?$AA?9?$AAL?$AAa?$AAt?$AAn?$AA?$AA@ 0000000140012538     LIBCMT:winapinls.obj
 0002:00004550       ??_C@_1M@IDCCIHBC@?$AAt?$AAt?$AA?9?$AAR?$AAU?$AA?$AA@ 0000000140012550     LIBCMT:winapinls.obj
 0002:00004560       ??_C@_1M@LOICPMOJ@?$AAb?$AAn?$AA?9?$AAI?$AAN?$AA?$AA@ 0000000140012560     LIBCMT:winapinls.obj
 0002:00004570       ??_C@_1M@KPKKNEAH@?$AAp?$AAa?$AA?9?$AAI?$AAN?$AA?$AA@ 0000000140012570     LIBCMT:winapinls.obj
 0002:00004580       ??_C@_1M@PJGPPBOG@?$AAg?$AAu?$AA?9?$AAI?$AAN?$AA?$AA@ 0000000140012580     LIBCMT:winapinls.obj
 0002:00004590       ??_C@_1M@KMKMOPHI@?$AAt?$AAa?$AA?9?$AAI?$AAN?$AA?$AA@ 0000000140012590     LIBCMT:winapinls.obj
 0002:000045a0       ??_C@_1M@KFEHEPAC@?$AAt?$AAe?$AA?9?$AAI?$AAN?$AA?$AA@ 00000001400125a0     LIBCMT:winapinls.obj
 0002:000045b0       ??_C@_1M@CDCLMGHI@?$AAk?$AAn?$AA?9?$AAI?$AAN?$AA?$AA@ 00000001400125b0     LIBCMT:winapinls.obj
 0002:000045c0       ??_C@_1M@MIODLDKF@?$AAm?$AAl?$AA?9?$AAI?$AAN?$AA?$AA@ 00000001400125c0     LIBCMT:winapinls.obj
 0002:000045d0       ??_C@_1M@PBIEACPO@?$AAm?$AAr?$AA?9?$AAI?$AAN?$AA?$AA@ 00000001400125d0     LIBCMT:winapinls.obj
 0002:000045e0       ??_C@_1M@NIDEAGPH@?$AAs?$AAa?$AA?9?$AAI?$AAN?$AA?$AA@ 00000001400125e0     LIBCMT:winapinls.obj
 0002:000045f0       ??_C@_1M@FHIHCBIO@?$AAm?$AAn?$AA?9?$AAM?$AAN?$AA?$AA@ 00000001400125f0     LIBCMT:winapinls.obj
 0002:00004600       ??_C@_1M@JAIJPENP@?$AAc?$AAy?$AA?9?$AAG?$AAB?$AA?$AA@ 0000000140012600     LIBCMT:winapinls.obj
 0002:00004610       ??_C@_1M@PHGFBEPN@?$AAg?$AAl?$AA?9?$AAE?$AAS?$AA?$AA@ 0000000140012610     LIBCMT:winapinls.obj
 0002:00004620       ??_C@_1O@KPIPDNCP@?$AAk?$AAo?$AAk?$AA?9?$AAI?$AAN?$AA?$AA@ 0000000140012620     LIBCMT:winapinls.obj
 0002:00004630       ??_C@_1O@KNHJLDJA@?$AAs?$AAy?$AAr?$AA?9?$AAS?$AAY?$AA?$AA@ 0000000140012630     LIBCMT:winapinls.obj
 0002:00004640       ??_C@_1O@MKEKBLAH@?$AAd?$AAi?$AAv?$AA?9?$AAM?$AAV?$AA?$AA@ 0000000140012640     LIBCMT:winapinls.obj
 0002:00004650       ??_C@_1O@OHDCKDDF@?$AAq?$AAu?$AAz?$AA?9?$AAB?$AAO?$AA?$AA@ 0000000140012650     LIBCMT:winapinls.obj
 0002:00004660       ??_C@_1M@LEPJNLFD@?$AAn?$AAs?$AA?9?$AAZ?$AAA?$AA?$AA@ 0000000140012660     LIBCMT:winapinls.obj
 0002:00004670       ??_C@_1M@OMLEIIJB@?$AAm?$AAi?$AA?9?$AAN?$AAZ?$AA?$AA@ 0000000140012670     LIBCMT:winapinls.obj
 0002:00004680       ??_C@_1M@PMPEAILG@?$AAa?$AAr?$AA?9?$AAI?$AAQ?$AA?$AA@ 0000000140012680     LIBCMT:winapinls.obj
 0002:00004690       ??_C@_1M@CNKPNOEE@?$AAd?$AAe?$AA?9?$AAC?$AAH?$AA?$AA@ 0000000140012690     LIBCMT:winapinls.obj
 0002:000046a0       ??_C@_1M@LKMGMLKO@?$AAe?$AAn?$AA?9?$AAG?$AAB?$AA?$AA@ 00000001400126a0     LIBCMT:winapinls.obj
 0002:000046b0       ??_C@_1M@PGKJFFGL@?$AAe?$AAs?$AA?9?$AAM?$AAX?$AA?$AA@ 00000001400126b0     LIBCMT:winapinls.obj
 0002:000046c0       ??_C@_1M@DNNANBDC@?$AAf?$AAr?$AA?9?$AAB?$AAE?$AA?$AA@ 00000001400126c0     LIBCMT:winapinls.obj
 0002:000046d0       ??_C@_1M@HLGMDFHM@?$AAi?$AAt?$AA?9?$AAC?$AAH?$AA?$AA@ 00000001400126d0     LIBCMT:winapinls.obj
 0002:000046e0       ??_C@_1M@CLLBGJH@?$AAn?$AAl?$AA?9?$AAB?$AAE?$AA?$AA@ 00000001400126e0     LIBCMT:winapinls.obj
 0002:000046f0       ??_C@_1M@BODBOGLF@?$AAn?$AAn?$AA?9?$AAN?$AAO?$AA?$AA@ 00000001400126f0     LIBCMT:winapinls.obj
 0002:00004700       ??_C@_1M@HFFAHKAD@?$AAp?$AAt?$AA?9?$AAP?$AAT?$AA?$AA@ 0000000140012700     LIBCMT:winapinls.obj
 0002:00004710       ??_C@_1BG@LNOAKHIE@?$AAs?$AAr?$AA?9?$AAS?$AAP?$AA?9?$AAL?$AAa?$AAt?$AAn?$AA?$AA@ 0000000140012710     LIBCMT:winapinls.obj
 0002:00004728       ??_C@_1M@HBMHBGAK@?$AAs?$AAv?$AA?9?$AAF?$AAI?$AA?$AA@ 0000000140012728     LIBCMT:winapinls.obj
 0002:00004738       ??_C@_1BG@DGCJGJBE@?$AAa?$AAz?$AA?9?$AAA?$AAZ?$AA?9?$AAC?$AAy?$AAr?$AAl?$AA?$AA@ 0000000140012738     LIBCMT:winapinls.obj
 0002:00004750       ??_C@_1M@KEJDAAHB@?$AAs?$AAe?$AA?9?$AAS?$AAE?$AA?$AA@ 0000000140012750     LIBCMT:winapinls.obj
 0002:00004760       ??_C@_1M@HEIBJJAD@?$AAm?$AAs?$AA?9?$AAB?$AAN?$AA?$AA@ 0000000140012760     LIBCMT:winapinls.obj
 0002:00004770       ??_C@_1BG@PBGJMCEM@?$AAu?$AAz?$AA?9?$AAU?$AAZ?$AA?9?$AAC?$AAy?$AAr?$AAl?$AA?$AA@ 0000000140012770     LIBCMT:winapinls.obj
 0002:00004788       ??_C@_1O@LAOBCMDF@?$AAq?$AAu?$AAz?$AA?9?$AAE?$AAC?$AA?$AA@ 0000000140012788     LIBCMT:winapinls.obj
 0002:00004798       ??_C@_1M@POEEMAIO@?$AAa?$AAr?$AA?9?$AAE?$AAG?$AA?$AA@ 0000000140012798     LIBCMT:winapinls.obj
 0002:000047a8       ??_C@_1M@EFAKDEDL@?$AAz?$AAh?$AA?9?$AAH?$AAK?$AA?$AA@ 00000001400127a8     LIBCMT:winapinls.obj
 0002:000047b8       ??_C@_1M@HKKIJHGI@?$AAd?$AAe?$AA?9?$AAA?$AAT?$AA?$AA@ 00000001400127b8     LIBCMT:winapinls.obj
 0002:000047c8       ??_C@_1M@KBFBEHJF@?$AAe?$AAn?$AA?9?$AAA?$AAU?$AA?$AA@ 00000001400127c8     LIBCMT:winapinls.obj
 0002:000047d8       ??_C@_1M@MNPLFAAH@?$AAe?$AAs?$AA?9?$AAE?$AAS?$AA?$AA@ 00000001400127d8     LIBCMT:winapinls.obj
 0002:000047e8       ??_C@_1M@HJOOJFMA@?$AAf?$AAr?$AA?9?$AAC?$AAA?$AA?$AA@ 00000001400127e8     LIBCMT:winapinls.obj
 0002:000047f8       ??_C@_1BG@JPOFPNAB@?$AAs?$AAr?$AA?9?$AAS?$AAP?$AA?9?$AAC?$AAy?$AAr?$AAl?$AA?$AA@ 00000001400127f8     LIBCMT:winapinls.obj
 0002:00004810       ??_C@_1M@LNFOCMOB@?$AAs?$AAe?$AA?9?$AAF?$AAI?$AA?$AA@ 0000000140012810     LIBCMT:winapinls.obj
 0002:00004820       ??_C@_1O@MGJBOAMB@?$AAq?$AAu?$AAz?$AA?9?$AAP?$AAE?$AA?$AA@ 0000000140012820     LIBCMT:winapinls.obj
 0002:00004830       ??_C@_1M@GJINLBOK@?$AAa?$AAr?$AA?9?$AAL?$AAY?$AA?$AA@ 0000000140012830     LIBCMT:winapinls.obj
 0002:00004840       ??_C@_1M@GGMNHJNL@?$AAz?$AAh?$AA?9?$AAS?$AAG?$AA?$AA@ 0000000140012840     LIBCMT:winapinls.obj
 0002:00004850       ??_C@_1M@HOIKODND@?$AAd?$AAe?$AA?9?$AAL?$AAU?$AA?$AA@ 0000000140012850     LIBCMT:winapinls.obj
 0002:00004860       ??_C@_1M@DDOCCGFG@?$AAe?$AAn?$AA?9?$AAC?$AAA?$AA?$AA@ 0000000140012860     LIBCMT:winapinls.obj
 0002:00004870       ??_C@_1M@BNOEMJLF@?$AAe?$AAs?$AA?9?$AAG?$AAT?$AA?$AA@ 0000000140012870     LIBCMT:winapinls.obj
 0002:00004880       ??_C@_1M@EOGNKEK@?$AAf?$AAr?$AA?9?$AAC?$AAH?$AA?$AA@ 0000000140012880     LIBCMT:winapinls.obj
 0002:00004890       ??_C@_1M@FLIDJFHL@?$AAh?$AAr?$AA?9?$AAB?$AAA?$AA?$AA@ 0000000140012890     LIBCMT:winapinls.obj
 0002:000048a0       ??_C@_1O@FMCELNAJ@?$AAs?$AAm?$AAj?$AA?9?$AAN?$AAO?$AA?$AA@ 00000001400128a0     LIBCMT:winapinls.obj
 0002:000048b0       ??_C@_1M@JHGLJMGJ@?$AAa?$AAr?$AA?9?$AAD?$AAZ?$AA?$AA@ 00000001400128b0     LIBCMT:winapinls.obj
 0002:000048c0       ??_C@_1M@JKKFDCNP@?$AAz?$AAh?$AA?9?$AAM?$AAO?$AA?$AA@ 00000001400128c0     LIBCMT:winapinls.obj
 0002:000048d0       ??_C@_1M@GEEFALPE@?$AAd?$AAe?$AA?9?$AAL?$AAI?$AA?$AA@ 00000001400128d0     LIBCMT:winapinls.obj
 0002:000048e0       ??_C@_1M@IGEOFBG@?$AAe?$AAn?$AA?9?$AAN?$AAZ?$AA?$AA@ 00000001400128e0     LIBCMT:winapinls.obj
 0002:000048f0       ??_C@_1M@KDBONEHP@?$AAe?$AAs?$AA?9?$AAC?$AAR?$AA?$AA@ 00000001400128f0     LIBCMT:winapinls.obj
 0002:00004900       ??_C@_1M@FHMDOHNN@?$AAf?$AAr?$AA?9?$AAL?$AAU?$AA?$AA@ 0000000140012900     LIBCMT:winapinls.obj
 0002:00004910       ??_C@_1BG@NFKKMAFG@?$AAb?$AAs?$AA?9?$AAB?$AAA?$AA?9?$AAL?$AAa?$AAt?$AAn?$AA?$AA@ 0000000140012910     LIBCMT:winapinls.obj
 0002:00004928       ??_C@_1O@IMNBEMCI@?$AAs?$AAm?$AAj?$AA?9?$AAS?$AAE?$AA?$AA@ 0000000140012928     LIBCMT:winapinls.obj
 0002:00004938       ??_C@_1M@DHHMBNDP@?$AAa?$AAr?$AA?9?$AAM?$AAA?$AA?$AA@ 0000000140012938     LIBCMT:winapinls.obj
 0002:00004948       ??_C@_1M@BNBLJCGH@?$AAe?$AAn?$AA?9?$AAI?$AAE?$AA?$AA@ 0000000140012948     LIBCMT:winapinls.obj
 0002:00004958       ??_C@_1M@GEPAFMDL@?$AAe?$AAs?$AA?9?$AAP?$AAA?$AA?$AA@ 0000000140012958     LIBCMT:winapinls.obj
 0002:00004968       ??_C@_1M@OJONDMDL@?$AAf?$AAr?$AA?9?$AAM?$AAC?$AA?$AA@ 0000000140012968     LIBCMT:winapinls.obj
 0002:00004978       ??_C@_1BG@OBCNFJB@?$AAs?$AAr?$AA?9?$AAB?$AAA?$AA?9?$AAL?$AAa?$AAt?$AAn?$AA?$AA@ 0000000140012978     LIBCMT:winapinls.obj
 0002:00004990       ??_C@_1O@KEMEEGPO@?$AAs?$AAm?$AAa?$AA?9?$AAN?$AAO?$AA?$AA@ 0000000140012990     LIBCMT:winapinls.obj
 0002:000049a0       ??_C@_1M@ELMGFODK@?$AAa?$AAr?$AA?9?$AAT?$AAN?$AA?$AA@ 00000001400129a0     LIBCMT:winapinls.obj
 0002:000049b0       ??_C@_1M@BHDLHFAF@?$AAe?$AAn?$AA?9?$AAZ?$AAA?$AA?$AA@ 00000001400129b0     LIBCMT:winapinls.obj
 0002:000049c0       ??_C@_1M@BMGIGLIF@?$AAe?$AAs?$AA?9?$AAD?$AAO?$AA?$AA@ 00000001400129c0     LIBCMT:winapinls.obj
 0002:000049d0       ??_C@_1BG@CMBHIPBE@?$AAs?$AAr?$AA?9?$AAB?$AAA?$AA?9?$AAC?$AAy?$AAr?$AAl?$AA?$AA@ 00000001400129d0     LIBCMT:winapinls.obj
 0002:000049e8       ??_C@_1O@HEDBLHNP@?$AAs?$AAm?$AAa?$AA?9?$AAS?$AAE?$AA?$AA@ 00000001400129e8     LIBCMT:winapinls.obj
 0002:000049f8       ??_C@_1M@DAGCADIM@?$AAa?$AAr?$AA?9?$AAO?$AAM?$AA?$AA@ 00000001400129f8     LIBCMT:winapinls.obj
 0002:00004a08       ??_C@_1M@FODLMICG@?$AAe?$AAn?$AA?9?$AAJ?$AAM?$AA?$AA@ 0000000140012a08     LIBCMT:winapinls.obj
 0002:00004a18       ??_C@_1M@DNMLCIHB@?$AAe?$AAs?$AA?9?$AAV?$AAE?$AA?$AA@ 0000000140012a18     LIBCMT:winapinls.obj
 0002:00004a28       ??_C@_1O@EOKHMKJK@?$AAs?$AAm?$AAs?$AA?9?$AAF?$AAI?$AA?$AA@ 0000000140012a28     LIBCMT:winapinls.obj
 0002:00004a38       ??_C@_1M@CAFJMKOF@?$AAa?$AAr?$AA?9?$AAY?$AAE?$AA?$AA@ 0000000140012a38     LIBCMT:winapinls.obj
 0002:00004a48       ??_C@_1M@CBFHIJLI@?$AAe?$AAn?$AA?9?$AAC?$AAB?$AA?$AA@ 0000000140012a48     LIBCMT:winapinls.obj
 0002:00004a58       ??_C@_1M@BGNFLDN@?$AAe?$AAs?$AA?9?$AAC?$AAO?$AA?$AA@ 0000000140012a58     LIBCMT:winapinls.obj
 0002:00004a68       ??_C@_1O@JMPHMAMC@?$AAs?$AAm?$AAn?$AA?9?$AAF?$AAI?$AA?$AA@ 0000000140012a68     LIBCMT:winapinls.obj
 0002:00004a78       ??_C@_1M@JLANABKE@?$AAa?$AAr?$AA?9?$AAS?$AAY?$AA?$AA@ 0000000140012a78     LIBCMT:winapinls.obj
 0002:00004a88       ??_C@_1M@HPKGCFGN@?$AAe?$AAn?$AA?9?$AAB?$AAZ?$AA?$AA@ 0000000140012a88     LIBCMT:winapinls.obj
 0002:00004a98       ??_C@_1M@OLJCMLGM@?$AAe?$AAs?$AA?9?$AAP?$AAE?$AA?$AA@ 0000000140012a98     LIBCMT:winapinls.obj
 0002:00004aa8       ??_C@_1M@MKKGFKLE@?$AAa?$AAr?$AA?9?$AAJ?$AAO?$AA?$AA@ 0000000140012aa8     LIBCMT:winapinls.obj
 0002:00004ab8       ??_C@_1M@EKPGLDNI@?$AAe?$AAn?$AA?9?$AAT?$AAT?$AA?$AA@ 0000000140012ab8     LIBCMT:winapinls.obj
 0002:00004ac8       ??_C@_1M@OONGHFHE@?$AAe?$AAs?$AA?9?$AAA?$AAR?$AA?$AA@ 0000000140012ac8     LIBCMT:winapinls.obj
[...]
 0003:00001810       GS_ExceptionRecord         0000000140016810     LIBCMT:gs_report.obj
 0003:000018b0       GS_ContextRecord           00000001400168b0     LIBCMT:gs_report.obj
 0003:00001d80       DebuggerWasPresent         0000000140016d80     LIBCMT:gs_report.obj
 0003:00001ff0       ?_pgmname@?1??_setargv@@9@9 0000000140016ff0     LIBCMT:stdargv.obj
 0003:00002110       ?outmsg@?8??_NMSG_WRITE@@9@9 0000000140017110     LIBCMT:crt0msg.obj
 0003:00002760       fSystemSet                 0000000140017760     LIBCMT:mbctype.obj
 0003:00002768       __enable_percent_n         0000000140017768     LIBCMT:printf.obj
 0003:00002780       lclcritsects               0000000140017780     LIBCMT:mlock.obj
 0003:000029c0       ctrlc_action               00000001400179c0     LIBCMT:winsig.obj
 0003:000029c8       ctrlbreak_action           00000001400179c8     LIBCMT:winsig.obj
 0003:000029d0       abort_action               00000001400179d0     LIBCMT:winsig.obj
 0003:000029d8       term_action                00000001400179d8     LIBCMT:winsig.obj
 0003:000029e0       ConsoleCtrlHandler_Installed 00000001400179e0     LIBCMT:winsig.obj
 0003:000029e8       g_pfnRtlGenRandom          00000001400179e8     LIBCMT:rand_s.obj
 0003:00002a00       ?pfnMessageBox@?1??__crtMessageBoxW@@9@9 0000000140017a00     LIBCMT:crtmboxw.obj
 0003:00002a08       ?pfnGetActiveWindow@?1??__crtMessageBoxW@@9@9 0000000140017a08     LIBCMT:crtmboxw.obj
 0003:00002a10       ?pfnGetLastActivePopup@?1??__crtMessageBoxW@@9@9 0000000140017a10     LIBCMT:crtmboxw.obj
 0003:00002a18       ?pfnGetProcessWindowStation@?1??__crtMessageBoxW@@9@9 0000000140017a18     LIBCMT:crtmboxw.obj
 0003:00002a20       ?pfnGetUserObjectInformation@?1??__crtMessageBoxW@@9@9 0000000140017a20     LIBCMT:crtmboxw.obj
 0003:00002a38       __crtCallProc              0000000140017a38     LIBCMT:winapinls.obj
 0004:00000000       $pdata$??$_snprintf_s@$0BAA@@@YAHAEAY0BAA@D_KPEBDZZ 0000000140019000     win32_pixelscratcher.obj
 0004:0000000c       $pdata$?Win32MainWindowCallBack@@YA_JPEAUHWND__@@I_K_J@Z 000000014001900c     win32_pixelscratcher.obj
 0004:00000018       $pdata$WinMain             0000000140019018     win32_pixelscratcher.obj
 0004:00000024       $pdata$4$WinMain           0000000140019024     win32_pixelscratcher.obj
 0004:00000030       $pdata$5$WinMain           0000000140019030     win32_pixelscratcher.obj
 0004:0000003c       $pdata$_vsnprintf_helper   000000014001903c     LIBCMT:vsnprnc.obj
 0004:00000048       $pdata$_vsnprintf_s        0000000140019048     LIBCMT:vsnprnc.obj
 0004:00000054       $pdata$_vsnprintf_s_l      0000000140019054     LIBCMT:vsnprnc.obj
 0004:00000060       $pdata$__GSHandlerCheck    0000000140019060     LIBCMT:gshandler.obj
 0004:0000006c       $pdata$__GSHandlerCheckCommon 000000014001906c     LIBCMT:gshandler.obj
 0004:00000090       $pdata$WinMainCRTStartup   0000000140019090     LIBCMT:wincrt0.obj
 0004:0000009c       $pdata$__tmainCRTStartup   000000014001909c     LIBCMT:wincrt0.obj
 0004:000000a8       $pdata$fast_error_exit     00000001400190a8     LIBCMT:wincrt0.obj
 0004:000000b4       $pdata$_call_reportfault   00000001400190b4     LIBCMT:invarg.obj
 0004:000000c0       $pdata$_invalid_parameter  00000001400190c0     LIBCMT:invarg.obj
 0004:000000cc       $pdata$_invalid_parameter_noinfo 00000001400190cc     LIBCMT:invarg.obj
 0004:000000d8       $pdata$_invoke_watson      00000001400190d8     LIBCMT:invarg.obj
 0004:000000e4       $pdata$_flsbuf             00000001400190e4     LIBCMT:_flsbuf.obj
 0004:000000f0       $pdata$??0_LocaleUpdate@@QEAA@PEAUlocaleinfo_struct@@@Z 00000001400190f0     LIBCMT:output.obj
 0004:000000fc       $pdata$_output_s_l         00000001400190fc     LIBCMT:outputs.obj
 0004:00000108       $pdata$write_char          0000000140019108     LIBCMT:outputs.obj
 0004:00000114       $pdata$write_multi_char    0000000140019114     LIBCMT:outputs.obj
 0004:00000120       $pdata$write_string        0000000140019120     LIBCMT:outputs.obj
 0004:0000012c       $pdata$__doserrno          000000014001912c     LIBCMT:dosmap.obj
 0004:00000138       $pdata$_dosmaperr          0000000140019138     LIBCMT:dosmap.obj
 0004:00000144       $pdata$_errno              0000000140019144     LIBCMT:dosmap.obj
 0004:00000150       $pdata$__raise_securityfailure 0000000140019150     LIBCMT:gs_report.obj
 0004:0000015c       $pdata$__report_gsfailure  000000014001915c     LIBCMT:gs_report.obj
 0004:00000168       $pdata$__isa_available_init 0000000140019168     LIBCMT:cpu_disp.obj
 0004:00000174       $pdata$_cfltcvt            0000000140019174     LIBCMT:cvt.obj
 0004:00000180       $pdata$_cfltcvt_l          0000000140019180     LIBCMT:cvt.obj
 0004:0000018c       $pdata$_cftoa_l            000000014001918c     LIBCMT:cvt.obj
 0004:00000198       $pdata$_cftoe2_l           0000000140019198     LIBCMT:cvt.obj
 0004:000001a4       $pdata$_cftoe_l            00000001400191a4     LIBCMT:cvt.obj
 0004:000001b0       $pdata$_cftof2_l           00000001400191b0     LIBCMT:cvt.obj
 0004:000001bc       $pdata$_cftof_l            00000001400191bc     LIBCMT:cvt.obj
 0004:000001c8       $pdata$_cftog_l            00000001400191c8     LIBCMT:cvt.obj
 0004:000001d4       $pdata$_cropzeros_l        00000001400191d4     LIBCMT:cvt.obj
 0004:000001e0       $pdata$_fassign_l          00000001400191e0     LIBCMT:cvt.obj
 0004:000001ec       $pdata$_forcdecpt_l        00000001400191ec     LIBCMT:cvt.obj
 0004:000001f8       $pdata$_initp_misc_cfltcvt_tab 00000001400191f8     LIBCMT:cmiscdat.obj
 0004:00000204       $pdata$?__CxxUnhandledExceptionFilter@@YAJPEAU_EXCEPTION_POINTERS@@@Z 0000000140019204     LIBCMT:unhandld.obj
 0004:00000210       $pdata$__CxxSetUnhandledExceptionFilter 0000000140019210     LIBCMT:unhandld.obj
 0004:0000021c       $pdata$_XcptFilter         000000014001921c     LIBCMT:winxfltr.obj
 0004:00000228       $pdata$_freefls            0000000140019228     LIBCMT:tidtable.obj
 0004:00000234       $pdata$_getptd             0000000140019234     LIBCMT:tidtable.obj
 0004:00000240       $pdata$_getptd_noexit      0000000140019240     LIBCMT:tidtable.obj
 0004:0000024c       $pdata$_initptd            000000014001924c     LIBCMT:tidtable.obj
 0004:00000258       $pdata$_mtinit             0000000140019258     LIBCMT:tidtable.obj
 0004:00000264       $pdata$_mtterm             0000000140019264     LIBCMT:tidtable.obj
 0004:00000270       $pdata$__crtCorExitProcess 0000000140019270     LIBCMT:crt0dat.obj
 0004:0000027c       $pdata$__crtExitProcess    000000014001927c     LIBCMT:crt0dat.obj
 0004:00000288       $pdata$_amsg_exit          0000000140019288     LIBCMT:crt0dat.obj
 0004:00000294       $pdata$_cinit              0000000140019294     LIBCMT:crt0dat.obj
 0004:000002a0       $pdata$_init_pointers      00000001400192a0     LIBCMT:crt0dat.obj
 0004:000002ac       $pdata$_initterm           00000001400192ac     LIBCMT:crt0dat.obj
 0004:000002b8       $pdata$_initterm_e         00000001400192b8     LIBCMT:crt0dat.obj
 0004:000002c4       $pdata$doexit              00000001400192c4     LIBCMT:crt0dat.obj
 0004:000002d0       $pdata$_heap_init          00000001400192d0     LIBCMT:heapinit.obj
 0004:000002dc       $pdata$_ioinit             00000001400192dc     LIBCMT:ioinit.obj
 0004:000002e8       $pdata$_setargv            00000001400192e8     LIBCMT:stdargv.obj
 0004:000002f4       $pdata$parse_cmdline       00000001400192f4     LIBCMT:stdargv.obj
 0004:00000300       $pdata$_setenvp            0000000140019300     LIBCMT:stdenvp.obj
 0004:0000030c       $pdata$_FF_MSGBANNER       000000014001930c     LIBCMT:crt0msg.obj
 0004:00000318       $pdata$_NMSG_WRITE         0000000140019318     LIBCMT:crt0msg.obj
 0004:00000324       $pdata$_set_error_mode     0000000140019324     LIBCMT:errmode.obj
 0004:00000330       $pdata$__security_init_cookie 0000000140019330     LIBCMT:gs_support.obj
 0004:0000033c       $pdata$_RTC_Initialize     000000014001933c     LIBCMT:initsect.obj
 0004:00000348       $pdata$_RTC_Terminate      0000000140019348     LIBCMT:initsect.obj
 0004:00000354       $pdata$__crtGetEnvironmentStringsA 0000000140019354     LIBCMT:a_env.obj
 0004:00000360       $pdata$__crtCaptureCurrentContext 0000000140019360     LIBCMT:winapisupp.obj
 0004:0000036c       $pdata$__crtCapturePreviousContext 000000014001936c     LIBCMT:winapisupp.obj
 0004:00000378       $pdata$__crtGetShowWindowMode 0000000140019378     LIBCMT:winapisupp.obj
 0004:00000384       $pdata$__crtInitializeCriticalSectionEx 0000000140019384     LIBCMT:winapisupp.obj
 0004:00000390       $pdata$__crtIsPackagedApp  0000000140019390     LIBCMT:winapisupp.obj
 0004:0000039c       $pdata$__crtLoadWinApiPointers 000000014001939c     LIBCMT:winapisupp.obj
 0004:000003a8       $pdata$__crtTerminateProcess 00000001400193a8     LIBCMT:winapisupp.obj
 0004:000003b4       $pdata$__crtUnhandledException 00000001400193b4     LIBCMT:winapisupp.obj
 0004:000003c0       $pdata$_wincmdln           00000001400193c0     LIBCMT:wincmdln.obj
 0004:000003cc       $pdata$__C_specific_handler 00000001400193cc     LIBCMT:chandler.obj
 0004:000003d8       $pdata$__initstdio         00000001400193d8     LIBCMT:_file.obj
 0004:000003e4       $pdata$__endstdio          00000001400193e4     LIBCMT:_file.obj
 0004:000003f0       $pdata$_lock_file          00000001400193f0     LIBCMT:_file.obj
 0004:000003fc       $pdata$_lock_file2         00000001400193fc     LIBCMT:_file.obj
 0004:00000408       $pdata$_fileno             0000000140019408     LIBCMT:fileno.obj
 0004:00000414       $pdata$_isatty             0000000140019414     LIBCMT:isatty.obj
 0004:00000420       $pdata$_write              0000000140019420     LIBCMT:write.obj
 0004:0000042c       $pdata$_write_nolock       000000014001942c     LIBCMT:write.obj
 0004:00000438       $pdata$_lseeki64           0000000140019438     LIBCMT:lseeki64.obj
 0004:00000444       $pdata$_lseeki64_nolock    0000000140019444     LIBCMT:lseeki64.obj
 0004:00000450       $pdata$_getbuf             0000000140019450     LIBCMT:_getbuf.obj
 0004:0000045c       $pdata$__freetlocinfo      000000014001945c     LIBCMT:localref.obj
 0004:00000468       $pdata$__updatetlocinfo    0000000140019468     LIBCMT:localref.obj
 0004:00000474       $pdata$_updatetlocinfoEx_nolock 0000000140019474     LIBCMT:localref.obj
 0004:00000480       $pdata$__initmbctable      0000000140019480     LIBCMT:mbctype.obj
 0004:0000048c       $pdata$?getSystemCP@@YAHH@Z 000000014001948c     LIBCMT:mbctype.obj
 0004:00000498       $pdata$?setSBCS@@YAXPEAUthreadmbcinfostruct@@@Z 0000000140019498     LIBCMT:mbctype.obj
 0004:000004a4       $pdata$?setSBUpLow@@YAXPEAUthreadmbcinfostruct@@@Z 00000001400194a4     LIBCMT:mbctype.obj
 0004:000004b0       $pdata$__updatetmbcinfo    00000001400194b0     LIBCMT:mbctype.obj
 0004:000004bc       $pdata$_setmbcp            00000001400194bc     LIBCMT:mbctype.obj
 0004:000004c8       $pdata$_setmbcp_nolock     00000001400194c8     LIBCMT:mbctype.obj
 0004:000004d4       $pdata$_isleadbyte_l       00000001400194d4     LIBCMT:_wctype.obj
 0004:000004e0       $pdata$isleadbyte          00000001400194e0     LIBCMT:_wctype.obj
 0004:000004f8       $pdata$_wctomb_s_l         00000001400194f8     LIBCMT:wctomb.obj
 0004:00000504       $pdata$wctomb_s            0000000140019504     LIBCMT:wctomb.obj
 0004:00000510       $pdata$free                0000000140019510     LIBCMT:free.obj
 0004:0000051c       $pdata$_calloc_crt         000000014001951c     LIBCMT:crtheap.obj
 0004:00000528       $pdata$_malloc_crt         0000000140019528     LIBCMT:crtheap.obj
 0004:00000534       $pdata$_realloc_crt        0000000140019534     LIBCMT:crtheap.obj
 0004:0000054c       $pdata$isdigit             000000014001954c     LIBCMT:_ctype.obj
 0004:00000558       $pdata$_tolower_l          0000000140019558     LIBCMT:tolower.obj
 0004:00000564       $pdata$strcpy_s            0000000140019564     LIBCMT:strcpy_s.obj
 0004:0000057c       $pdata$strrchr             000000014001957c     LIBCMT:strrchr.obj
 0004:00000588       $pdata$_fptostr            0000000140019588     LIBCMT:_fptostr.obj
 0004:00000594       $pdata$__crt_atoflt_l      0000000140019594     LIBCMT:atodbl.obj
 0004:000005a0       $pdata$_atodbl_l           00000001400195a0     LIBCMT:atodbl.obj
 0004:000005ac       $pdata$__dtold             00000001400195ac     LIBCMT:cfout.obj
 0004:000005b8       $pdata$_fltout2            00000001400195b8     LIBCMT:cfout.obj
 0004:000005c4       $pdata$?terminate@@YAXXZ   00000001400195c4     LIBCMT:hooks.obj
 0004:000005d0       $pdata$_initp_eh_hooks     00000001400195d0     LIBCMT:hooks.obj
 0004:000005dc       $pdata$_lock               00000001400195dc     LIBCMT:mlock.obj
 0004:000005e8       $pdata$_mtdeletelocks      00000001400195e8     LIBCMT:mlock.obj
 0004:000005f4       $pdata$_mtinitlocknum      00000001400195f4     LIBCMT:mlock.obj
 0004:00000600       $pdata$_mtinitlocks        0000000140019600     LIBCMT:mlock.obj
 0004:0000060c       $pdata$_IsNonwritableInCurrentImage 000000014001960c     LIBCMT:pesect.obj
 0004:00000618       $pdata$__onexitinit        0000000140019618     LIBCMT:onexit.obj
 0004:00000624       $pdata$_onexit             0000000140019624     LIBCMT:onexit.obj
 0004:00000630       $pdata$atexit              0000000140019630     LIBCMT:onexit.obj
 0004:0000063c       $pdata$_callnewh           000000014001963c     LIBCMT:handler.obj
 0004:00000648       $pdata$raise               0000000140019648     LIBCMT:winsig.obj
 0004:00000684       $pdata$?x_ismbbtype_l@@YAHPEAUlocaleinfo_struct@@IHH@Z 0000000140019684     LIBCMT:ismbbyte.obj
 0004:00000690       $pdata$wcscat_s            0000000140019690     LIBCMT:wcscat_s.obj
 0004:0000069c       $pdata$wcscpy_s            000000014001969c     LIBCMT:wcscpy_s.obj
 0004:000006a8       $pdata$wcsncpy_s           00000001400196a8     LIBCMT:wcsncpy_s.obj
 0004:000006b4       $pdata$__crtMessageBoxW    00000001400196b4     LIBCMT:crtmboxw.obj
 0004:000006c0       $pdata$_fcloseall          00000001400196c0     LIBCMT:closeall.obj
 0004:000006cc       $pdata$_fflush_nolock      00000001400196cc     LIBCMT:fflush.obj
 0004:000006d8       $pdata$_flush              00000001400196d8     LIBCMT:fflush.obj
 0004:000006e4       $pdata$flsall              00000001400196e4     LIBCMT:fflush.obj
 0004:000006f0       $pdata$__lock_fhandle      00000001400196f0     LIBCMT:osfinfo.obj
 0004:000006fc       $pdata$_free_osfhnd        00000001400196fc     LIBCMT:osfinfo.obj
 0004:00000708       $pdata$_get_osfhandle      0000000140019708     LIBCMT:osfinfo.obj
 0004:00000714       $pdata$_mbtowc_l           0000000140019714     LIBCMT:mbtowc.obj
 0004:00000720       $pdata$_putwch_nolock      0000000140019720     LIBCMT:putwch.obj
 0004:00000738       $pdata$__free_lconv_mon    0000000140019738     LIBCMT:initmon.obj
 0004:00000744       $pdata$__free_lconv_num    0000000140019744     LIBCMT:initnum.obj
 0004:00000750       $pdata$__free_lc_time      0000000140019750     LIBCMT:inittime.obj
 0004:0000075c       $pdata$?__crtLCMapStringA_stat@@YAHPEAUlocaleinfo_struct@@PEB_WKPEBDHPEADHHH@Z 000000014001975c     LIBCMT:a_map.obj
 0004:00000768       $pdata$__crtLCMapStringA   0000000140019768     LIBCMT:a_map.obj
 0004:00000774       $pdata$?__crtGetStringTypeA_stat@@YAHPEAUlocaleinfo_struct@@KPEBDHPEAGHH@Z 0000000140019774     LIBCMT:a_str.obj
 0004:00000780       $pdata$__crtGetStringTypeA 0000000140019780     LIBCMT:a_str.obj
 0004:0000078c       $pdata$malloc              000000014001978c     LIBCMT:malloc.obj
 0004:00000798       $pdata$realloc             0000000140019798     LIBCMT:realloc.obj
 0004:000007a4       $pdata$_calloc_impl        00000001400197a4     LIBCMT:calloc_impl.obj
 0004:000007b0       $pdata$_isctype_l          00000001400197b0     LIBCMT:isctype.obj
 0004:000007bc       $pdata$_locterm            00000001400197bc     LIBCMT:wsetloca.obj
 0004:000007c8       $pdata$_ld12tod            00000001400197c8     LIBCMT:intrncvt.obj
 0004:000007d4       $pdata$_ld12tof            00000001400197d4     LIBCMT:intrncvt.obj
 0004:000007e0       $pdata$__strgtold12_l      00000001400197e0     LIBCMT:strgtold.obj
 0004:000007ec       $pdata$$I10_OUTPUT         00000001400197ec     LIBCMT:x10fout.obj
 0004:000007f8       $pdata$abort               00000001400197f8     LIBCMT:abort.obj
 0004:00000804       $pdata$_msize              0000000140019804     LIBCMT:msize.obj
 0004:00000810       $pdata$GetTableIndexFromLocaleName 0000000140019810     LIBCMT:winapinls.obj
 0004:0000081c       $pdata$__crtDownlevelLocaleNameToLCID 000000014001981c     LIBCMT:winapinls.obj
 0004:00000828       $pdata$__crtLCMapStringEx  0000000140019828     LIBCMT:winapinls.obj
 0004:00000834       $pdata$_fclose_nolock      0000000140019834     LIBCMT:fclose.obj
 0004:00000840       $pdata$fclose              0000000140019840     LIBCMT:fclose.obj
 0004:0000084c       $pdata$_commit             000000014001984c     LIBCMT:commit.obj
 0004:00000858       $pdata$__termconout        0000000140019858     LIBCMT:initcon.obj
 0004:00000864       $pdata$__initconout        0000000140019864     LIBCMT:initcon.obj
 0004:0000087c       $pdata$__mtold12           000000014001987c     LIBCMT:mantold.obj
 0004:00000888       $pdata$_close              0000000140019888     LIBCMT:close.obj
 0004:00000894       $pdata$_close_nolock       0000000140019894     LIBCMT:close.obj
 0004:000008a0       $pdata$_freebuf            00000001400198a0     LIBCMT:_freebuf.obj
 0004:000008ac       $pdata$__tmainCRTStartup$filt$0 00000001400198ac     LIBCMT:wincrt0.obj
 0004:000008b8       $pdata$_initptd$fin$1      00000001400198b8     LIBCMT:tidtable.obj
 0004:000008b8       $pdata$_freefls$fin$1      00000001400198b8     LIBCMT:tidtable.obj
 0004:000008c4       $pdata$_freefls$fin$0      00000001400198c4     LIBCMT:tidtable.obj
 0004:000008c4       $pdata$_initptd$fin$0      00000001400198c4     LIBCMT:tidtable.obj
 0004:000008d0       $pdata$doexit$fin$0        00000001400198d0     LIBCMT:crt0dat.obj
 0004:000008dc       $pdata$_ioinit$fin$0       00000001400198dc     LIBCMT:ioinit.obj
 0004:000008e8       $pdata$_write$fin$0        00000001400198e8     LIBCMT:lseeki64.obj
 0004:000008e8       $pdata$_lseeki64$fin$0     00000001400198e8     LIBCMT:lseeki64.obj
 0004:000008f4       $pdata$__updatetlocinfo$fin$0 00000001400198f4     LIBCMT:localref.obj
 0004:000008f4       $pdata$_locterm$fin$0      00000001400198f4     LIBCMT:localref.obj
 0004:00000900       $pdata$__updatetmbcinfo$fin$0 0000000140019900     LIBCMT:mbctype.obj
 0004:00000900       $pdata$_setmbcp$fin$0      0000000140019900     LIBCMT:mbctype.obj
 0004:0000090c       $pdata$_mtinitlocknum$fin$0 000000014001990c     LIBCMT:mlock.obj
 0004:00000918       $pdata$_IsNonwritableInCurrentImage$filt$0 0000000140019918     LIBCMT:pesect.obj
 0004:00000924       $pdata$_onexit$fin$0       0000000140019924     LIBCMT:onexit.obj
 0004:00000930       $pdata$raise$fin$0         0000000140019930     LIBCMT:winsig.obj
 0004:0000093c       $pdata$_fcloseall$fin$0    000000014001993c     LIBCMT:closeall.obj
 0004:00000948       $pdata$flsall$fin$0        0000000140019948     LIBCMT:fflush.obj
 0004:00000954       $pdata$flsall$fin$1        0000000140019954     LIBCMT:fflush.obj
 0004:00000960       $pdata$__lock_fhandle$fin$0 0000000140019960     LIBCMT:osfinfo.obj
 0004:0000096c       $pdata$fclose$fin$0        000000014001996c     LIBCMT:fclose.obj
 0004:00000978       $pdata$_close$fin$0        0000000140019978     LIBCMT:close.obj
 0004:00000978       $pdata$_commit$fin$0       0000000140019978     LIBCMT:close.obj
